S1
JMP2
S2
VBE
FONT
E820
KLOAD
A20
GDT
PM
LFB
OK
KHI
KERNEL
KAT 0x00500000-0x005349A4
BI-OK
EXTMEM kb=15232
PIC
IDT
FPU-INIT present cw=037F
INT21
IDT-SELFTEST-OK
IDT-RESUMED
CONSOLE
BANNER-BEGIN
InitechDOS  Version 3.30
Copyright (C) 1991 Initech Systems Corporation.  All Rights Reserved.
BANNER-END
BANNER
FLAIR-HEAP-OK
FLAIR-FAT-MOUNT-BEGIN
FLAIR-FAT-MOUNT-OK
DESKTOP-DB-CREATE
TRASH-CREATE
FLAIR-DESKTOP
FINDER-DESKTOP-ICONS n=2
TBX-GATE-READY vec=0x81
FLAIR-TENANTS-READY hello+notes co-resident; HELLO foreground
FLAIR-HOOK-SET
IRQ-LIVE
FLAIR-LIVE-READY
FLAIR-CURSOR x=160 y=120
FLAIR-TICK n=4
FLAIR-CURSOR x=0 y=0
FLAIR-TICK n=7
FLAIR-TICK n=10
FLAIR-TICK n=13
FLAIR-CURSOR x=9 y=10
FLAIR-EVT what=1 where=9,10 msg=00000000
FLAIR-MENU menu=0 item=0 (sel=0x00000000)
FLAIR-EVT what=2 where=9,10 msg=00000000
FLAIR-CURSOR x=0 y=0
FLAIR-CURSOR x=71 y=54
FLAIR-CURSOR x=286 y=217
FLAIR-CURSOR x=429 y=326
FLAIR-CURSOR x=500 y=380
FLAIR-EVT what=1 where=500,380 msg=00000000
FLAIR-DISPATCH app=FINDER
FLAIR-EVT what=2 where=500,380 msg=00000000
FINDER-ICON-DESELECT-ALL
FLAIR-CURSOR x=420 y=320
FLAIR-CURSOR x=260 y=200
FLAIR-CURSOR x=100 y=80
FLAIR-CURSOR x=0 y=0
FLAIR-CURSOR x=9 y=28
FLAIR-EVT what=1 where=9,28 msg=00000000
FLAIR-MENU menu=0 item=0 (sel=0x00000000)
FLAIR-EVT what=2 where=9,28 msg=00000000
