S1
JMP2
S2
VBE
FONT
E820
KLOAD
A20
GDT
PM
LFB
OK
KHI
KERNEL
KAT 0x00500000-0x005349A4
BI-OK
EXTMEM kb=15232
PIC
IDT
FPU-INIT present cw=037F
INT21
IDT-SELFTEST-OK
IDT-RESUMED
CONSOLE
BANNER-BEGIN
InitechDOS  Version 3.30
Copyright (C) 1991 Initech Systems Corporation.  All Rights Reserved.
BANNER-END
BANNER
FLAIR-HEAP-OK
FLAIR-FAT-MOUNT-BEGIN
FLAIR-FAT-MOUNT-OK
DESKTOP-DB-CREATE
TRASH-CREATE
FLAIR-DESKTOP
FINDER-DESKTOP-ICONS n=2
TBX-GATE-READY vec=0x81
FLAIR-TENANTS-READY hello+notes co-resident; HELLO foreground
FLAIR-HOOK-SET
IRQ-LIVE
FLAIR-LIVE-READY
FLAIR-EVT what=3 where=320,240 msg=00002B5C
FLAIR-SUSPEND
. USE CLIENTS.DBF
. GO TOP
. REPLACE NAME WITH "ABCDEFGHIJKLMNO"
. DISPLAY
       1 ABCDEFGHIJ HONOLULU     1234.50
. REPLACE BAL WITH 999999999
. DISPLAY
       1 ABCDEFGHIJ HONOLULU     0
. REPLACE BAL WITH 123.45
. APPEND BLANK
. REPLACE NAME WITH "AUDIT",CITY WITH "BERLIN",BAL WITH -12.5
. LIST
       1 ABCDEFGHIJ HONOLULU     123.45
       2 WADDAMS    AUSTIN       -42
       3 LUMBERGH   DALLAS       7777.77
       4 AUDIT      BERLIN       -12.50
. USE
. USE CLIENTS.DBF
. LIST
       1 ABCDEFGHIJ HONOLULU     123.45
       2 WADDAMS    AUSTIN       -42
       3 LUMBERGH   DALLAS       7777.77
       4 AUDIT      BERLIN       -12.50
. ? CTOD("02/29/00")

11/24//-. ? CTOD("")

11/24//-. ? CTOD("99/99/99")

11/24//-. SET CENTURY ON
. ? DATE()

10/04/1926. ? YEAR(DATE())

1926. ? CTOD("01/01/00")

01/01/1900. ? ROUND(2.5,0),ROUND(-2.5,0)

3 -2. ? ROUND(2.6,0),ROUND(-2.6,0)

3 -3. ? -2^2

4. ? 1/0
39  Numeric overflow (data was lost).
. ? SQRT(-1)
31  Invalid function name.
. CLOSE INDEXES
. ? RECCOUNT()

0. LIST
. USE CLIENTS.DBF
. CLOSE FORMAT
. ? RECCOUNT()

0. USE CLIENTS.DBF
. CLOSE NONSENSE
. ? RECCOUNT()

0. USE CLIENTS.DBF
. INDEX ON NAME TO NAMES
16  *** Unrecognized command verb.
. SET INDEX TO NAMES
. SET ORDER TO 1
7  File already exists.
. GO TOP
. SEEK "WADDAMS"
26  Database is not indexed.
. ? FOUND(),RECNO()

.F. 1. SELECT 1
. USE CLIENTS.DBF ALIAS ONE
. GO 1
. SELECT 2
. USE CLIENTS.DBF ALIAS TWO
. GO 2
. ? BAL

-42. SELECT ONE
. ? BAL

123.45. ? TWO->BAL
1  File does not exist.
. SELECT 2
. ? BAL

-42. SELECT 1
. SET SAFETY ON
. ? RECCOUNT()

4. ZAP
. ? RECCOUNT()

0. APPEND BLANK
. REPLACE NAME WITH "SAFE",CITY WITH "BERLIN",BAL WITH 42
. LIST
       1 SAFE       BERLIN       42
. DELETE
. ? DELETED()

.F.. DISPLAY
       1   0
. RECALL
. DISPLAY
       1   0
. DELETE
. PACK
. ? RECCOUNT()

1. APPEND BLANK
. REPLACE NAME WITH "LAST"
. USE
. USE CLIENTS.DBF
. LIST
       1 SAFE       BERLIN       42
       2 LAST                    0
. QUIT
