S1
JMP2
S2
VBE
FONT
E820
KLOAD
A20
GDT
PM
LFB
OK
KHI
KERNEL
KAT 0x00500000-0x005349A4
BI-OK
EXTMEM kb=15232
PIC
IDT
FPU-INIT present cw=037F
INT21
IDT-SELFTEST-OK
IDT-RESUMED
CONSOLE
BANNER-BEGIN
InitechDOS  Version 3.30
Copyright (C) 1991 Initech Systems Corporation.  All Rights Reserved.
BANNER-END
BANNER
FLAIR-HEAP-OK
FLAIR-FAT-MOUNT-BEGIN
FLAIR-FAT-MOUNT-OK
DESKTOP-DB-CREATE
TRASH-CREATE
FLAIR-DESKTOP
FINDER-DESKTOP-ICONS n=2
TBX-GATE-READY vec=0x81
FLAIR-TENANTS-READY hello+notes co-resident; HELLO foreground
FLAIR-HOOK-SET
IRQ-LIVE
FLAIR-LIVE-READY
FLAIR-EVT what=3 where=320,240 msg=00002B5C
FLAIR-SUSPEND
. USE CLIENTS.DBF
. ? TYPE("BAL"),TYPE("1+1"),TYPE("MISSING"),TYPE("DATE()")

C C C C. ? 1/0
39  Numeric overflow (data was lost).
. SET SAFETY ON
. ZAP
. ? RECCOUNT()

0. QUIT
FLAIR-TEXT-EXIT rc=0
FLAIR-RESUME
FLAIR-TICK n=1601
FLAIR-EVT what=4 where=320,240 msg=00001C0A
FLAIR-TICK n=1604
FLAIR-TICK n=1607
FLAIR-TICK n=1610
