S1
JMP2
S2
VBE
FONT
E820
KLOAD
A20
GDT
PM
LFB
OK
KHI
KERNEL
KAT 0x00500000-0x005349A4
BI-OK
EXTMEM kb=15232
PIC
IDT
FPU-INIT present cw=037F
INT21
IDT-SELFTEST-OK
IDT-RESUMED
CONSOLE
BANNER-BEGIN
InitechDOS  Version 3.30
Copyright (C) 1991 Initech Systems Corporation.  All Rights Reserved.
BANNER-END
BANNER
FLAIR-HEAP-OK
FLAIR-FAT-MOUNT-BEGIN
FLAIR-FAT-MOUNT-OK
DESKTOP-DB-CREATE
TRASH-CREATE
FLAIR-DESKTOP
FINDER-DESKTOP-ICONS n=2
TBX-GATE-READY vec=0x81
FLAIR-TENANTS-READY hello+notes co-resident; HELLO foreground
FLAIR-HOOK-SET
IRQ-LIVE
FLAIR-LIVE-READY
FLAIR-EVT what=3 where=320,240 msg=00002B5C
FLAIR-SUSPEND
. USE CLIENTS.DBF
. DO STRESS

LOOP-PASS16  *** Unrecognized command verb.
. ? N

1000. DISPLAY STATUS
1  Internal error.
. LIST STATUS
1  Internal error.
. DIRECTORY
16  *** Unrecognized command verb.
. AVERAGE BAL
16  *** Unrecognized command verb.
. SORT TO SORTED ON NAME
16  *** Unrecognized command verb.
. COPY FILE SIMPLE.PRG TO COPY.PRG
16  *** Unrecognized command verb.
. TYPE COPY.PRG
16  *** Unrecognized command verb.
. RENAME COPY.PRG TO RENAMED.PRG
16  *** Unrecognized command verb.
. ERASE RENAMED.PRG
16  *** Unrecognized command verb.
. INSERT
16  *** Unrecognized command verb.
. JOIN WITH CLIENTS TO JOINED FOR .T.
16  *** Unrecognized command verb.
. TOTAL ON CITY TO TOTAL
16  *** Unrecognized command verb.
. RUN VER
16  *** Unrecognized command verb.
. SET FUNCTION 1 TO "LIST"
7  File already exists.
. CLEAR MEMORY
16  *** Unrecognized command verb.
. ? N

1000. CLOSE ALL
. QUIT
FLAIR-TEXT-EXIT rc=0
FLAIR-RESUME
FLAIR-TICK n=4054
FLAIR-TICK n=4057
FLAIR-TICK n=4060
FLAIR-TICK n=4063
