S1
JMP2
S2
VBE
FONT
E820
KLOAD
A20
GDT
PM
LFB
OK
KHI
KERNEL
KAT 0x00500000-0x005349A4
BI-OK
EXTMEM kb=15232
PIC
IDT
FPU-INIT present cw=037F
INT21
IDT-SELFTEST-OK
IDT-RESUMED
CONSOLE
BANNER-BEGIN
InitechDOS  Version 3.30
Copyright (C) 1991 Initech Systems Corporation.  All Rights Reserved.
BANNER-END
BANNER
FLAIR-HEAP-OK
FLAIR-FAT-MOUNT-BEGIN
FLAIR-FAT-MOUNT-OK
DESKTOP-DB-CREATE
DESKTOP-DB-WRITE-FAIL rc=-11
TRASH-INIT-FAIL rc=-11
FLAIR-DESKTOP
DESKTOP-DB-POS-REGEN
FINDER-DESKTOP-ICONS n=2
TBX-GATE-READY vec=0x81
FLAIR-TENANTS-READY hello+notes co-resident; HELLO foreground
FLAIR-HOOK-SET
IRQ-LIVE
FLAIR-LIVE-READY
FLAIR-CURSOR x=160 y=120
FLAIR-TICK n=4
FLAIR-CURSOR x=0 y=0
FLAIR-TICK n=7
FLAIR-TICK n=10
FLAIR-TICK n=13
FLAIR-CURSOR x=75 y=8
FLAIR-CURSOR x=225 y=24
FLAIR-CURSOR x=450 y=48
FLAIR-CURSOR x=600 y=64
FLAIR-EVT what=1 where=600,64 msg=00000000
FLAIR-DISPATCH app=FINDER
FLAIR-EVT what=2 where=600,64 msg=00000000
FINDER-ICON-SELECT name=INITECH count=1
FLAIR-EVT what=1 where=600,64 msg=00000000
FLAIR-EVT what=2 where=600,64 msg=00000000
FINDER-OPEN-VOLUME win=0 n=3
FLAIR-EVT what=3 where=600,64 msg=0000316E
FINDER-CMD id=2 name=NEW_FOLDER src=key sel=0
FINDER-NEW-FOLDER-FAIL rc=-5
FLAIR-EVT what=4 where=600,64 msg=0000316E
FLAIR-CURSOR x=440 y=0
FLAIR-CURSOR x=280 y=0
FLAIR-CURSOR x=120 y=0
FLAIR-CURSOR x=0 y=0
FLAIR-CURSOR x=27 y=50
FLAIR-CURSOR x=54 y=101
FLAIR-EVT what=1 where=54,101 msg=00000000
FLAIR-CURSOR x=132 y=147
FLAIR-CURSOR x=288 y=239
FLAIR-CURSOR x=522 y=376
FLAIR-CURSOR x=600 y=422
FINDER-DROP-HILITE name=Trash
FLAIR-EVT what=2 where=600,422 msg=00000000
FINDER-MOVE-REFUSED reason=err name=README.TXT
FLAIR-CURSOR x=520 y=362
FLAIR-CURSOR x=360 y=242
FLAIR-CURSOR x=200 y=122
FLAIR-CURSOR x=0 y=0
FLAIR-CURSOR x=150 y=106
FLAIR-CURSOR x=375 y=264
FLAIR-CURSOR x=525 y=369
FLAIR-CURSOR x=600 y=422
FLAIR-EVT what=1 where=600,422 msg=00000000
FLAIR-EVT what=2 where=600,422 msg=00000000
FINDER-ICON-SELECT name=Trash count=1
FLAIR-EVT what=1 where=600,422 msg=00000000
FLAIR-EVT what=2 where=600,422 msg=00000000
FINDER-WIN-OPEN-FAIL rc=-13
