S1
JMP2
S2
VBE
FONT
E820
KLOAD
A20
GDT
PM
LFB
OK
KHI
KERNEL
KAT 0x00500000-0x0051D8E0
BI-OK
EXTMEM kb=15232
PIC
IDT
FPU-INIT present cw=037F
INT21
IDT-SELFTEST-OK
IDT-RESUMED
CONSOLE
BANNER-BEGIN
InitechDOS  Version 3.30
Copyright (C) 1991 Initech Systems Corporation.  All Rights Reserved.
BANNER-END
BANNER
FLAIR-HEAP-OK
FAT-MOUNT-BEGIN
FAT-MOUNT-OK
Directory of A:\
README.TXT          114
SELF.BIN         8192
KEEP.TXT           15
READONLY.TXT           19
CTRLZ.TXT           14
CHECK.BAT          222
CHILD.BAT           26
DIR-OK
FILEIO-BIND-OK
LOADER-FAT-BIND-OK
ABSDISK-BIND-OK
FAT-MOUNT-END
CLOCK-LIVE
ANSI-WIRED
VECT-LIVE
SYSINIT: source=baseline FILES=20 cap=20 SHELL=COMMAND.COM /P /E:512
SYSINIT: DEVICE=ANSI.SYS ansi-enabled
SYSINIT: DEVICE=INITNET.SYS accepted(deferred)
SYSINIT: INSTALL=SHARE.EXE accepted(deferred)
SYSINIT: BUFFERS=20 accepted(deferred)
SYSINIT: LASTDRIVE=Z accepted(deferred)
SYSINIT: BREAK=ON (default)
IRQ-LIVE
CONIN-LIVE
SHELL-READY
A:\>del READONLY.TXT
A:\>type READONLY.TXT
File not found
A:\>md TEST
A:\>cd TEST
A:\TEST>cd \
A:\TEST>cd
A:\TEST
A:\TEST>cd A:\
A:\>cd
A:\
A:\>cd ..
A:\>cd
A:\
A:\>md BAD?NAME
A:\>cd BAD?NAME
A:\BAD?NAME>cd
A:\BAD?NAME
A:\BAD?NAME>cd ..
A:\>md CON
A:\>cd CON
A:\CON>cd
A:\CON
A:\CON>cd ..
A:\>echo VALUE > DATEFILE.TXT
A:\>copy SELF.BIN FILLED\..\SELF.BIN
File cannot be copied onto itself
        0 file(s) copied
A:\>del A:\DELTEST\*.TXT
A:\>type KEEP.TXT
ROOT-SENTINEL

A:\>echo EDITME
EDITME
A:\>type CON
zc