S1
JMP2
S2
VBE
FONT
E820
KLOAD
A20
GDT
PM
LFB
OK
KHI
KERNEL
KAT 0x00500000-0x0051D8E0
BI-OK
EXTMEM kb=15232
PIC
IDT
FPU-INIT present cw=037F
INT21
IDT-SELFTEST-OK
IDT-RESUMED
CONSOLE
BANNER-BEGIN
InitechDOS  Version 3.30
Copyright (C) 1991 Initech Systems Corporation.  All Rights Reserved.
BANNER-END
BANNER
FLAIR-HEAP-OK
FAT-MOUNT-BEGIN
FAT-MOUNT-OK
Directory of A:\
README.TXT          114
SELF.BIN         8192
KEEP.TXT           15
READONLY.TXT           19
CTRLZ.TXT           14
CHECK.BAT          222
CHILD.BAT           26
DIR-OK
FILEIO-BIND-OK
LOADER-FAT-BIND-OK
ABSDISK-BIND-OK
FAT-MOUNT-END
CLOCK-LIVE
ANSI-WIRED
VECT-LIVE
SYSINIT: source=baseline FILES=20 cap=20 SHELL=COMMAND.COM /P /E:512
SYSINIT: DEVICE=ANSI.SYS ansi-enabled
SYSINIT: DEVICE=INITNET.SYS accepted(deferred)
SYSINIT: INSTALL=SHARE.EXE accepted(deferred)
SYSINIT: BUFFERS=20 accepted(deferred)
SYSINIT: LASTDRIVE=Z accepted(deferred)
SYSINIT: BREAK=ON (default)
IRQ-LIVE
CONIN-LIVE
SHELL-READY
A:\>APPEND
Bad command or file name
A:\>ASSIGN
Bad command or file name
A:\>BACKUP
Bad command or file name
A:\>CHCP
Bad command or file name
A:\>COMP
Bad command or file name
A:\>CTTY
Bad command or file name
A:\>DISKCOMP
Bad command or file name
A:\>EXE2BIN
Bad command or file name
A:\>FASTOPEN
Bad command or file name
A:\>FC
Bad command or file name
A:\>GRAPHICS
Bad command or file name
A:\>JOIN
Bad command or file name
A:\>KEYB
Bad command or file name
A:\>LABEL
Bad command or file name
A:\>MODE
Bad command or file name
A:\>NLSFUNC
Bad command or file name
A:\>PRINT
Bad command or file name
A:\>RECOVER
Bad command or file name
A:\>REPLACE
Bad command or file name
A:\>RESTORE
Bad command or file name
A:\>SELECT
Bad command or file name
A:\>SHARE
Bad command or file name
A:\>SUBST
Bad command or file name
A:\>SYS
Bad command or file name
A:\>XCOPY
Bad command or file name
A:\>DEBUG
Bad command or file name
A:\>EDLIN
Bad command or file name
A:\>