S1
JMP2
S2
VBE
FONT
E820
KLOAD
A20
GDT
PM
LFB
OK
KHI
KERNEL
KAT 0x00500000-0x0051D8E0
BI-OK
EXTMEM kb=15232
PIC
IDT
FPU-INIT present cw=037F
INT21
IDT-SELFTEST-OK
IDT-RESUMED
CONSOLE
BANNER-BEGIN
InitechDOS  Version 3.30
Copyright (C) 1991 Initech Systems Corporation.  All Rights Reserved.
BANNER-END
BANNER
FLAIR-HEAP-OK
FAT-MOUNT-BEGIN
FAT-MOUNT-OK
Directory of A:\
README.TXT          114
SELF.BIN         8192
KEEP.TXT           15
READONLY.TXT           19
CTRLZ.TXT           14
CHECK.BAT          222
CHILD.BAT           26
ENV.BAT          115
DIR-OK
FILEIO-BIND-OK
LOADER-FAT-BIND-OK
ABSDISK-BIND-OK
FAT-MOUNT-END
CLOCK-LIVE
ANSI-WIRED
VECT-LIVE
SYSINIT: source=baseline FILES=20 cap=20 SHELL=COMMAND.COM /P /E:512
SYSINIT: DEVICE=ANSI.SYS ansi-enabled
SYSINIT: DEVICE=INITNET.SYS accepted(deferred)
SYSINIT: INSTALL=SHARE.EXE accepted(deferred)
SYSINIT: BUFFERS=20 accepted(deferred)
SYSINIT: LASTDRIVE=Z accepted(deferred)
SYSINIT: BREAK=ON (default)
IRQ-LIVE
CONIN-LIVE
SHELL-READY
A:\>set AUDIT=VALUE
A:\>ENV
VARIABLE=VALUE
BATCH-IF-YES
BATCH-FOR=ONE
BATCH-FOR=TWO
A:\>for %f in (ONE TWO) do echo %f
Bad command or file name
A:\>if exist SELF.BIN echo YES
Bad command or file name
A:\>copy CTRLZ.TXT ASCII.TXT /A
        1 file(s) copied
A:\>type ASCII.TXT
BEFOREAFTER

A:\>echo METADATA > STAMP.TXT
A:\>date
Current date is Sun 10-04-2026
A:\>time
Current time is 23:42:23.00
A:\>