S1
JMP2
S2
VBE
FONT
E820
KLOAD
A20
GDT
PM
LFB
OK
KHI
KERNEL
KAT 0x00500000-0x005246A0
BI-OK
EXTMEM kb=15232
PIC
IDT
FPU-INIT present cw=037F
INT21
IDT-SELFTEST-OK
IDT-RESUMED
CONSOLE
BANNER-BEGIN
InitechDOS  Version 3.30
Copyright (C) 1991 Initech Systems Corporation.  All Rights Reserved.
BANNER-END
BANNER
FLAIR-HEAP-OK
FLAIR-DESKTOP
FLAIR-HOOK-SET
IRQ-LIVE
FLAIR-LIVE-READY
FLAIR-TICK n=4
FLAIR-TICK n=7
FLAIR-TICK n=10
FLAIR-TICK n=13
FLAIR-EVT what=3 where=320,240 msg=00000100
FLAIR-EVT what=4 where=320,240 msg=00000100
FLAIR-EVT what=3 where=320,240 msg=00001C0A
FLAIR-EVT what=4 where=320,240 msg=00001C0A
FLAIR-EVT what=3 where=320,240 msg=00001071
FLAIR-EVT what=4 where=320,240 msg=00001071
FLAIR-CURSOR x=240 y=180
FLAIR-CURSOR x=80 y=60
FLAIR-CURSOR x=0 y=0
FLAIR-CURSOR x=150 y=16
FLAIR-CURSOR x=300 y=32
FLAIR-CURSOR x=525 y=56
FLAIR-CURSOR x=600 y=64
FLAIR-EVT what=1 where=600,64 msg=00000000
FLAIR-MODAL-BLOCK where=600,64
FLAIR-EVT what=2 where=600,64 msg=00000000
FLAIR-EVT what=1 where=600,64 msg=00000000
FLAIR-MODAL-BLOCK where=600,64
FLAIR-EVT what=2 where=600,64 msg=00000000
FLAIR-CURSOR x=440 y=0
FLAIR-CURSOR x=280 y=0
FLAIR-CURSOR x=40 y=0
FLAIR-CURSOR x=0 y=0
FLAIR-CURSOR x=75 y=52
FLAIR-CURSOR x=225 y=158
FLAIR-CURSOR x=300 y=210
FLAIR-EVT what=1 where=300,210 msg=00000000
FLAIR-CURSOR x=229 y=139
FLAIR-CURSOR x=86 y=0
FLAIR-CURSOR x=0 y=0
FLAIR-EVT what=2 where=0,0 msg=00000000
FLAIR-MODAL-DRAG (140,200)->(0,40)
FLAIR-CURSOR x=123 y=32
FLAIR-CURSOR x=185 y=48
FLAIR-EVT what=1 where=185,48 msg=00000000
FLAIR-CURSOR x=260 y=110
FLAIR-CURSOR x=410 y=236
FLAIR-CURSOR x=560 y=360
FLAIR-CURSOR x=639 y=479
FLAIR-EVT what=2 where=639,479 msg=00000000
FLAIR-MODAL-DRAG (0,40)->(280,400)
