S1
JMP2
S2
VBE
FONT
E820
KLOAD
A20
GDT
PM
LFB
OK
KHI
KERNEL
KAT 0x00500000-0x005349A4
BI-OK
EXTMEM kb=15232
PIC
IDT
FPU-INIT present cw=037F
INT21
IDT-SELFTEST-OK
IDT-RESUMED
CONSOLE
BANNER-BEGIN
InitechDOS  Version 3.30
Copyright (C) 1991 Initech Systems Corporation.  All Rights Reserved.
BANNER-END
BANNER
FLAIR-HEAP-OK
FLAIR-FAT-MOUNT-BEGIN
FLAIR-FAT-MOUNT-OK
DESKTOP-DB-CREATE
TRASH-CREATE
FLAIR-DESKTOP
FINDER-DESKTOP-ICONS n=2
TBX-GATE-READY vec=0x81
FLAIR-TENANTS-READY hello+notes co-resident; HELLO foreground
FLAIR-HOOK-SET
IRQ-LIVE
FLAIR-LIVE-READY
FLAIR-CURSOR x=160 y=120
FLAIR-TICK n=4
FLAIR-CURSOR x=0 y=0
FLAIR-TICK n=7
FLAIR-TICK n=10
FLAIR-TICK n=13
FLAIR-CURSOR x=225 y=24
FLAIR-CURSOR x=375 y=40
FLAIR-CURSOR x=525 y=56
FLAIR-CURSOR x=600 y=64
FLAIR-EVT what=1 where=600,64 msg=00000000
FLAIR-DISPATCH app=FINDER
FLAIR-EVT what=2 where=600,64 msg=00000000
FINDER-ICON-SELECT name=INITECH count=1
FLAIR-EVT what=1 where=600,64 msg=00000000
FLAIR-EVT what=2 where=600,64 msg=00000000
FINDER-OPEN-VOLUME win=0 n=64
FINDER-WIN-ICONS-FULL win=0 dropped=17
FLAIR-EVT what=3 where=600,64 msg=00001E61
FINDER-CMD id=8 name=SELECT_ALL src=key sel=0
FINDER-SELECT-ALL win=0 n=64
FLAIR-EVT what=4 where=600,64 msg=00001E61
FLAIR-CURSOR x=440 y=0
FLAIR-CURSOR x=280 y=0
FLAIR-CURSOR x=120 y=0
FLAIR-CURSOR x=0 y=0
FLAIR-CURSOR x=38 y=28
FLAIR-EVT what=1 where=38,28 msg=00000000
FLAIR-MENU-DROP menu=512
FLAIR-EVT what=2 where=38,28 msg=00000000
FLAIR-MENU menu=512 item=0 (sel=0x00000000)
FLAIR-CURSOR x=0 y=0
FLAIR-CURSOR x=76 y=28
FLAIR-EVT what=1 where=76,28 msg=00000000
FLAIR-MENU-DROP menu=513
FLAIR-EVT what=2 where=76,28 msg=00000000
FLAIR-MENU menu=513 item=0 (sel=0x00000000)
FLAIR-CURSOR x=0 y=0
FLAIR-CURSOR x=60 y=14
FLAIR-CURSOR x=119 y=28
FLAIR-EVT what=1 where=119,28 msg=00000000
FLAIR-MENU-DROP menu=514
FLAIR-EVT what=2 where=119,28 msg=00000000
FLAIR-MENU menu=514 item=0 (sel=0x00000000)
FLAIR-CURSOR x=39 y=0
FLAIR-CURSOR x=0 y=0
FLAIR-CURSOR x=119 y=28
FLAIR-EVT what=1 where=119,28 msg=00000000
FLAIR-MENU-DROP menu=514
FLAIR-CURSOR x=136 y=90
FLAIR-CURSOR x=170 y=214
FLAIR-EVT what=2 where=170,214 msg=00000000
FLAIR-MENU menu=514 item=12 (sel=0x0202000C)
FINDER-CMD id=10 name=ARRANGE_BY_NAME src=mouse sel=64
FINDER-ARRANGE win=0 moved=63
FLAIR-CURSOR x=10 y=94
FLAIR-CURSOR x=0 y=0
FLAIR-CURSOR x=148 y=108
FLAIR-CURSOR x=296 y=216
FLAIR-CURSOR x=370 y=270
FLAIR-EVT what=1 where=370,270 msg=00000000
FLAIR-CURSOR x=237 y=190
FLAIR-CURSOR x=170 y=150
FLAIR-EVT what=2 where=170,150 msg=00000000
FLAIR-GROW win 0 (360,220)->(160,100)
FLAIR-CURSOR x=90 y=90
FLAIR-CURSOR x=0 y=0
FLAIR-CURSOR x=151 y=147
FLAIR-EVT what=1 where=151,147 msg=00000000
FLAIR-SCROLL win 0 h part=21 value=16 max=134
FLAIR-EVT what=2 where=151,147 msg=00000000
FLAIR-EVT what=1 where=151,147 msg=00000000
FLAIR-SCROLL win 0 h part=21 value=32 max=134
FLAIR-EVT what=2 where=151,147 msg=00000000
FLAIR-EVT what=1 where=151,147 msg=00000000
FLAIR-SCROLL win 0 h part=21 value=48 max=134
FLAIR-EVT what=2 where=151,147 msg=00000000
FLAIR-EVT what=1 where=151,147 msg=00000000
FLAIR-SCROLL win 0 h part=21 value=64 max=134
FLAIR-EVT what=2 where=151,147 msg=00000000
FLAIR-EVT what=1 where=151,147 msg=00000000
FLAIR-SCROLL win 0 h part=21 value=80 max=134
FLAIR-EVT what=2 where=151,147 msg=00000000
FLAIR-CURSOR x=71 y=87
FLAIR-CURSOR x=0 y=0
FLAIR-CURSOR x=113 y=100
FLAIR-CURSOR x=170 y=150
FLAIR-EVT what=1 where=170,150 msg=00000000
FLAIR-CURSOR x=237 y=190
FLAIR-CURSOR x=370 y=270
FLAIR-EVT what=2 where=370,270 msg=00000000
FLAIR-GROW win 0 (160,100)->(360,220)
FLAIR-CURSOR x=210 y=150
FLAIR-CURSOR x=50 y=30
FLAIR-CURSOR x=0 y=0
FLAIR-CURSOR x=73 y=50
FLAIR-CURSOR x=220 y=151
FLAIR-CURSOR x=367 y=251
FLAIR-EVT what=1 where=367,251 msg=00000000
FLAIR-SCROLL win 0 v part=21 value=16 max=658
FLAIR-EVT what=2 where=367,251 msg=00000000
FLAIR-EVT what=1 where=367,251 msg=00000000
FLAIR-SCROLL win 0 v part=21 value=32 max=658
FLAIR-EVT what=2 where=367,251 msg=00000000
FLAIR-CURSOR x=207 y=131
FLAIR-CURSOR x=0 y=0
FLAIR-CURSOR x=73 y=50
FLAIR-CURSOR x=294 y=201
FLAIR-CURSOR x=367 y=251
FLAIR-EVT what=1 where=367,251 msg=00000000
FLAIR-SCROLL win 0 v part=21 value=48 max=658
FLAIR-SCROLL win 0 v part=21 value=64 max=658
FLAIR-SCROLL win 0 v part=21 value=80 max=658
FLAIR-SCROLL win 0 v part=21 value=96 max=658
FLAIR-SCROLL win 0 v part=21 value=112 max=658
FLAIR-SCROLL win 0 v part=21 value=128 max=658
FLAIR-SCROLL win 0 v part=21 value=144 max=658
FLAIR-SCROLL win 0 v part=21 value=160 max=658
FLAIR-SCROLL win 0 v part=21 value=176 max=658
FLAIR-SCROLL win 0 v part=21 value=192 max=658
FLAIR-SCROLL win 0 v part=21 value=208 max=658
FLAIR-SCROLL win 0 v part=21 value=224 max=658
FLAIR-SCROLL win 0 v part=21 value=240 max=658
FLAIR-SCROLL win 0 v part=21 value=256 max=658
FLAIR-SCROLL win 0 v part=21 value=272 max=658
FLAIR-SCROLL win 0 v part=21 value=288 max=658
FLAIR-SCROLL win 0 v part=21 value=304 max=658
FLAIR-SCROLL win 0 v part=21 value=320 max=658
FLAIR-SCROLL win 0 v part=21 value=336 max=658
FLAIR-SCROLL win 0 v part=21 value=352 max=658
FLAIR-SCROLL win 0 v part=21 value=368 max=658
FLAIR-SCROLL win 0 v part=21 value=384 max=658
FLAIR-SCROLL win 0 v part=21 value=400 max=658
FLAIR-SCROLL win 0 v part=21 value=416 max=658
FLAIR-SCROLL win 0 v part=21 value=432 max=658
FLAIR-SCROLL win 0 v part=21 value=448 max=658
FLAIR-SCROLL win 0 v part=21 value=464 max=658
FLAIR-SCROLL win 0 v part=21 value=480 max=658
FLAIR-SCROLL win 0 v part=21 value=496 max=658
FLAIR-SCROLL win 0 v part=21 value=512 max=658
FLAIR-SCROLL win 0 v part=21 value=528 max=658
FLAIR-SCROLL win 0 v part=21 value=544 max=658
FLAIR-SCROLL win 0 v part=21 value=560 max=658
FLAIR-SCROLL win 0 v part=21 value=576 max=658
FLAIR-SCROLL win 0 v part=21 value=592 max=658
FLAIR-SCROLL win 0 v part=21 value=608 max=658
FLAIR-SCROLL win 0 v part=21 value=624 max=658
FLAIR-SCROLL win 0 v part=21 value=640 max=658
FLAIR-SCROLL win 0 v part=21 value=656 max=658
FLAIR-SCROLL win 0 v part=21 value=658 max=658
FLAIR-CURSOR x=327 y=251
FLAIR-EVT what=2 where=327,251 msg=00000000
FLAIR-CURSOR x=247 y=191
FLAIR-CURSOR x=87 y=71
FLAIR-CURSOR x=0 y=0
FLAIR-CURSOR x=147 y=44
FLAIR-CURSOR x=367 y=110
FLAIR-EVT what=1 where=367,110 msg=00000000
FLAIR-SCROLL win 0 v part=22 value=497 max=658
FLAIR-CURSOR x=367 y=175
FLAIR-CURSOR x=367 y=240
FLAIR-EVT what=2 where=367,240 msg=00000000
FLAIR-CURSOR x=207 y=120
FLAIR-CURSOR x=47 y=0
FLAIR-CURSOR x=0 y=0
FLAIR-CURSOR x=71 y=14
FLAIR-CURSOR x=212 y=42
FLAIR-CURSOR x=353 y=70
FLAIR-EVT what=1 where=353,70 msg=00000000
FLAIR-EVT what=2 where=353,70 msg=00000000
FLAIR-TRACKBOX win 0 part 7 in=1
FLAIR-ZOOM win 0 in
FLAIR-CURSOR x=113 y=0
FLAIR-CURSOR x=0 y=0
FLAIR-CURSOR x=152 y=12
FLAIR-CURSOR x=304 y=25
FLAIR-CURSOR x=457 y=38
FLAIR-CURSOR x=609 y=50
FLAIR-EVT what=1 where=609,50 msg=00000000
FLAIR-EVT what=2 where=609,50 msg=00000000
FLAIR-TRACKBOX win 0 part 8 in=1
FLAIR-ZOOM win 0 out
FLAIR-CURSOR x=529 y=0
FLAIR-CURSOR x=369 y=0
FLAIR-CURSOR x=129 y=0
FLAIR-CURSOR x=0 y=0
FLAIR-CURSOR x=148 y=28
FLAIR-CURSOR x=369 y=70
FLAIR-EVT what=1 where=369,70 msg=00000000
FLAIR-EVT what=2 where=369,70 msg=00000000
FLAIR-TRACKBOX win 0 part 9 in=1
FLAIR-COLLAPSE win 0 1
FLAIR-CURSOR x=289 y=10
FLAIR-CURSOR x=129 y=0
FLAIR-CURSOR x=0 y=0
FLAIR-CURSOR x=148 y=28
FLAIR-CURSOR x=295 y=56
FLAIR-CURSOR x=369 y=70
FLAIR-EVT what=1 where=369,70 msg=00000000
FLAIR-EVT what=2 where=369,70 msg=00000000
FLAIR-TRACKBOX win 0 part 9 in=1
FLAIR-COLLAPSE win 0 0
FLAIR-EVT what=3 where=369,70 msg=00001177
FINDER-CMD id=4 name=CLOSE_WINDOW src=key sel=64
FINDER-CLOSE-WINDOW win=0
DESKTOP-DB-SAVE n=3
FLAIR-EVT what=4 where=369,70 msg=00001177
FLAIR-CURSOR x=209 y=0
FLAIR-CURSOR x=49 y=0
FLAIR-CURSOR x=0 y=0
FLAIR-CURSOR x=75 y=8
FLAIR-CURSOR x=225 y=24
FLAIR-CURSOR x=375 y=40
FLAIR-CURSOR x=600 y=64
FLAIR-EVT what=1 where=600,64 msg=00000000
FLAIR-EVT what=2 where=600,64 msg=00000000
FINDER-ICON-SELECT name=INITECH count=1
FLAIR-EVT what=1 where=600,64 msg=00000000
FLAIR-EVT what=2 where=600,64 msg=00000000
FINDER-OPEN-VOLUME win=0 n=64
FINDER-WIN-ICONS-FULL win=0 dropped=17
FLAIR-CURSOR x=520 y=4
FLAIR-CURSOR x=360 y=0
FLAIR-CURSOR x=200 y=0
FLAIR-CURSOR x=0 y=0
FLAIR-CURSOR x=128 y=67
FLAIR-CURSOR x=192 y=101
FLAIR-EVT what=1 where=192,101 msg=00000000
FLAIR-EVT what=2 where=192,101 msg=00000000
FINDER-WIN-SELECT win=0 name=A count=1
FLAIR-EVT what=1 where=192,101 msg=00000000
FLAIR-EVT what=2 where=192,101 msg=00000000
FINDER-OPEN-FOLDER name=A win=1 singleton=0
FLAIR-CURSOR x=112 y=41
FLAIR-CURSOR x=0 y=0
FLAIR-CURSOR x=127 y=47
FLAIR-CURSOR x=190 y=70
FLAIR-EVT what=1 where=190,70 msg=00000000
FLAIR-EVT what=2 where=190,70 msg=00000000
FLAIR-DRAG win 0 (20,60)->(20,60)
FLAIR-CURSOR x=110 y=10
FLAIR-CURSOR x=0 y=0
FLAIR-CURSOR x=65 y=25
FLAIR-CURSOR x=196 y=76
FLAIR-CURSOR x=261 y=101
FLAIR-EVT what=1 where=261,101 msg=00000000
FLAIR-EVT what=2 where=261,101 msg=00000000
FINDER-WIN-SELECT win=0 name=B count=1
FLAIR-EVT what=1 where=261,101 msg=00000000
FLAIR-EVT what=2 where=261,101 msg=00000000
FINDER-OPEN-FOLDER name=B win=2 singleton=0
FLAIR-CURSOR x=101 y=0
FLAIR-CURSOR x=0 y=0
FLAIR-CURSOR x=63 y=23
FLAIR-CURSOR x=190 y=70
FLAIR-EVT what=1 where=190,70 msg=00000000
FLAIR-EVT what=2 where=190,70 msg=00000000
FLAIR-DRAG win 0 (20,60)->(20,60)
FLAIR-CURSOR x=110 y=10
FLAIR-CURSOR x=0 y=0
FLAIR-CURSOR x=54 y=153
FLAIR-EVT what=1 where=54,153 msg=00000000
FLAIR-EVT what=2 where=54,153 msg=00000000
FINDER-WIN-SELECT win=0 name=C count=1
FLAIR-EVT what=1 where=54,153 msg=00000000
FLAIR-EVT what=2 where=54,153 msg=00000000
FINDER-OPEN-FOLDER name=C win=3 singleton=0
FLAIR-CURSOR x=0 y=93
FLAIR-CURSOR x=0 y=0
FLAIR-CURSOR x=190 y=70
FLAIR-EVT what=1 where=190,70 msg=00000000
FLAIR-EVT what=2 where=190,70 msg=00000000
FLAIR-DRAG win 0 (20,60)->(20,60)
FLAIR-CURSOR x=30 y=0
FLAIR-CURSOR x=0 y=0
FLAIR-CURSOR x=62 y=76
FLAIR-CURSOR x=123 y=153
FLAIR-EVT what=1 where=123,153 msg=00000000
FLAIR-EVT what=2 where=123,153 msg=00000000
FINDER-WIN-SELECT win=0 name=D count=1
FLAIR-EVT what=1 where=123,153 msg=00000000
FLAIR-EVT what=2 where=123,153 msg=00000000
FINDER-WIN-FULL
FLAIR-EVT what=3 where=123,153 msg=00001177
FINDER-CMD id=4 name=CLOSE_WINDOW src=key sel=1
FINDER-CLOSE-WINDOW win=0
DESKTOP-DB-SAVE n=3
FLAIR-EVT what=4 where=123,153 msg=00001177
FLAIR-EVT what=3 where=123,153 msg=00001177
FINDER-CMD id=4 name=CLOSE_WINDOW src=key sel=0
FINDER-CLOSE-WINDOW win=3
DESKTOP-DB-SAVE n=4
FLAIR-EVT what=4 where=123,153 msg=00001177
FLAIR-EVT what=3 where=123,153 msg=00001177
FINDER-CMD id=4 name=CLOSE_WINDOW src=key sel=0
FINDER-CLOSE-WINDOW win=2
DESKTOP-DB-SAVE n=5
FLAIR-EVT what=4 where=123,153 msg=00001177
FLAIR-EVT what=3 where=123,153 msg=00001177
FINDER-CMD id=4 name=CLOSE_WINDOW src=key sel=0
FINDER-CLOSE-WINDOW win=1
DESKTOP-DB-SAVE n=6
FLAIR-EVT what=4 where=123,153 msg=00001177
FLAIR-CURSOR x=0 y=33
FLAIR-CURSOR x=0 y=0
FLAIR-CURSOR x=75 y=8
FLAIR-CURSOR x=225 y=24
FLAIR-CURSOR x=450 y=48
FLAIR-CURSOR x=600 y=64
FLAIR-EVT what=1 where=600,64 msg=00000000
FLAIR-EVT what=2 where=600,64 msg=00000000
FINDER-ICON-SELECT name=INITECH count=1
FLAIR-EVT what=1 where=600,64 msg=00000000
FLAIR-EVT what=2 where=600,64 msg=00000000
FINDER-OPEN-VOLUME win=0 n=64
FINDER-WIN-ICONS-FULL win=0 dropped=17
FLAIR-CURSOR x=520 y=4
FLAIR-CURSOR x=360 y=0
FLAIR-CURSOR x=120 y=0
FLAIR-CURSOR x=0 y=0
FLAIR-CURSOR x=128 y=67
FLAIR-CURSOR x=192 y=101
FLAIR-EVT what=1 where=192,101 msg=00000000
FLAIR-EVT what=2 where=192,101 msg=00000000
FINDER-WIN-SELECT win=0 name=A count=1
FLAIR-CURSOR x=112 y=41
FLAIR-CURSOR x=0 y=0
FLAIR-CURSOR x=196 y=76
FLAIR-CURSOR x=261 y=101
FLAIR-EVT what=1 where=261,101 msg=00000000
FLAIR-EVT what=2 where=261,101 msg=00000000
FINDER-WIN-SELECT win=0 name=B count=2
FLAIR-EVT what=3 where=261,101 msg=0000186F
FINDER-CMD id=3 name=OPEN src=key sel=2
FINDER-OPEN-FOLDER name=A win=1 singleton=0
FLAIR-EVT what=4 where=261,101 msg=0000186F
FLAIR-EVT what=3 where=261,101 msg=00001177
FINDER-CMD id=4 name=CLOSE_WINDOW src=key sel=0
FINDER-CLOSE-WINDOW win=1
DESKTOP-DB-SAVE n=6
FLAIR-EVT what=4 where=261,101 msg=00001177
FLAIR-CURSOR x=101 y=0
FLAIR-CURSOR x=0 y=0
FLAIR-CURSOR x=75 y=56
FLAIR-CURSOR x=225 y=169
FLAIR-CURSOR x=300 y=225
FLAIR-EVT what=1 where=300,225 msg=00000000
FLAIR-EVT what=2 where=300,225 msg=00000000
FINDER-WIN-DESELECT-ALL win=0
FLAIR-EVT what=3 where=300,225 msg=00004D00
FLAIR-EVT what=4 where=300,225 msg=00004D00
FLAIR-EVT what=3 where=300,225 msg=00001E61
FLAIR-EVT what=4 where=300,225 msg=00001E61
FLAIR-EVT what=3 where=300,225 msg=00001970
FLAIR-EVT what=4 where=300,225 msg=00001970
FLAIR-EVT what=3 where=300,225 msg=00001970
FLAIR-EVT what=4 where=300,225 msg=00001970
FLAIR-EVT what=3 where=300,225 msg=00001F73
FLAIR-EVT what=4 where=300,225 msg=00001F73
FLAIR-CURSOR x=220 y=165
FLAIR-CURSOR x=0 y=0
FLAIR-CURSOR x=27 y=50
FLAIR-CURSOR x=54 y=101
FLAIR-EVT what=1 where=54,101 msg=00000000
FLAIR-EVT what=2 where=54,101 msg=00000000
FINDER-WIN-SELECT win=0 name=README.TXT count=1
FLAIR-CURSOR x=0 y=41
FLAIR-CURSOR x=0 y=0
FLAIR-CURSOR x=123 y=101
FLAIR-EVT what=1 where=123,101 msg=00000000
FLAIR-EVT what=2 where=123,101 msg=00000000
FINDER-WIN-SELECT win=0 name=APPS count=2
FLAIR-CURSOR x=0 y=0
FLAIR-CURSOR x=27 y=50
FLAIR-CURSOR x=54 y=101
FLAIR-EVT what=1 where=54,101 msg=00000000
FLAIR-CURSOR x=84 y=141
FLAIR-EVT what=2 where=84,141 msg=00000000
FINDER-WIN-DRAG win=0 name=README.TXT x=69 y=126
FLAIR-EVT what=3 where=84,141 msg=00001177
FINDER-CMD id=4 name=CLOSE_WINDOW src=key sel=2
FINDER-CLOSE-WINDOW win=0
DESKTOP-DB-SAVE n=6
FLAIR-EVT what=4 where=84,141 msg=00001177
FLAIR-CURSOR x=4 y=81
FLAIR-CURSOR x=0 y=0
FLAIR-CURSOR x=150 y=16
FLAIR-CURSOR x=300 y=32
FLAIR-CURSOR x=525 y=56
FLAIR-CURSOR x=600 y=64
FLAIR-EVT what=1 where=600,64 msg=00000000
FLAIR-EVT what=2 where=600,64 msg=00000000
FINDER-ICON-SELECT name=INITECH count=1
FLAIR-EVT what=1 where=600,64 msg=00000000
FLAIR-EVT what=2 where=600,64 msg=00000000
FINDER-OPEN-VOLUME win=0 n=64
FINDER-WIN-ICONS-FULL win=0 dropped=17
