S1
JMP2
S2
VBE
FONT
E820
KLOAD
A20
GDT
PM
LFB
OK
KHI
KERNEL
KAT 0x00500000-0x005349A4
BI-OK
EXTMEM kb=15232
PIC
IDT
FPU-INIT present cw=037F
INT21
IDT-SELFTEST-OK
IDT-RESUMED
CONSOLE
BANNER-BEGIN
InitechDOS  Version 3.30
Copyright (C) 1991 Initech Systems Corporation.  All Rights Reserved.
BANNER-END
BANNER
FLAIR-HEAP-OK
FLAIR-FAT-MOUNT-BEGIN
FLAIR-FAT-MOUNT-OK
DESKTOP-DB-CREATE
TRASH-CREATE
FLAIR-DESKTOP
FINDER-DESKTOP-ICONS n=2
TBX-GATE-READY vec=0x81
FLAIR-TENANTS-READY hello+notes co-resident; HELLO foreground
FLAIR-HOOK-SET
IRQ-LIVE
FLAIR-LIVE-READY
FLAIR-CURSOR x=160 y=120
FLAIR-TICK n=4
FLAIR-CURSOR x=0 y=0
FLAIR-TICK n=7
FLAIR-TICK n=10
FLAIR-TICK n=13
FLAIR-CURSOR x=72 y=22
FLAIR-CURSOR x=287 y=87
FLAIR-CURSOR x=430 y=130
FLAIR-EVT what=1 where=430,130 msg=00000000
FLAIR-DISPATCH app=NOTES
FLAIR-EVT what=2 where=430,130 msg=00000000
FLAIR-DRAG win 0 (260,120)->(260,120)
FLAIR-CURSOR x=350 y=70
FLAIR-CURSOR x=110 y=0
FLAIR-CURSOR x=0 y=0
FLAIR-CURSOR x=18 y=28
FLAIR-EVT what=1 where=18,28 msg=00000000
FLAIR-MENU-DROP menu=384
FLAIR-EVT what=2 where=18,28 msg=00000000
FLAIR-MENU menu=384 item=0 (sel=0x00000000)
FLAIR-CURSOR x=0 y=0
FLAIR-CURSOR x=18 y=28
FLAIR-EVT what=1 where=18,28 msg=00000000
FLAIR-MENU-DROP menu=384
FLAIR-CURSOR x=38 y=48
FLAIR-EVT what=2 where=38,48 msg=00000000
FLAIR-MENU menu=384 item=1 (sel=0x01800001)
FLAIR-CURSOR x=0 y=0
FLAIR-CURSOR x=18 y=28
FLAIR-EVT what=1 where=18,28 msg=00000000
FLAIR-MENU-DROP menu=384
FLAIR-CURSOR x=38 y=64
FLAIR-EVT what=2 where=38,64 msg=00000000
FLAIR-MENU menu=384 item=2 (sel=0x01800002)
FLAIR-CURSOR x=0 y=4
FLAIR-CURSOR x=0 y=0
FLAIR-CURSOR x=18 y=28
FLAIR-EVT what=1 where=18,28 msg=00000000
FLAIR-MENU-DROP menu=384
FLAIR-CURSOR x=38 y=80
FLAIR-EVT what=2 where=38,80 msg=00000000
FLAIR-MENU menu=384 item=3 (sel=0x01800003)
FLAIR-CURSOR x=0 y=0
FLAIR-CURSOR x=18 y=28
FLAIR-EVT what=1 where=18,28 msg=00000000
FLAIR-MENU-DROP menu=384
FLAIR-CURSOR x=38 y=96
FLAIR-EVT what=2 where=38,96 msg=00000000
FLAIR-MENU menu=384 item=4 (sel=0x01800004)
FLAIR-CURSOR x=0 y=36
FLAIR-CURSOR x=0 y=0
FLAIR-CURSOR x=55 y=28
FLAIR-EVT what=1 where=55,28 msg=00000000
FLAIR-MENU-DROP menu=385
FLAIR-EVT what=2 where=55,28 msg=00000000
FLAIR-MENU menu=385 item=0 (sel=0x00000000)
FLAIR-CURSOR x=0 y=0
FLAIR-CURSOR x=55 y=28
FLAIR-EVT what=1 where=55,28 msg=00000000
FLAIR-MENU-DROP menu=385
FLAIR-CURSOR x=75 y=48
FLAIR-EVT what=2 where=75,48 msg=00000000
FLAIR-MENU menu=385 item=1 (sel=0x01810001)
FLAIR-CURSOR x=0 y=0
FLAIR-CURSOR x=55 y=28
FLAIR-EVT what=1 where=55,28 msg=00000000
FLAIR-MENU-DROP menu=385
FLAIR-CURSOR x=75 y=64
FLAIR-EVT what=2 where=75,64 msg=00000000
FLAIR-MENU menu=385 item=2 (sel=0x01810002)
FLAIR-CURSOR x=0 y=4
FLAIR-CURSOR x=0 y=0
FLAIR-CURSOR x=55 y=28
FLAIR-EVT what=1 where=55,28 msg=00000000
FLAIR-MENU-DROP menu=385
FLAIR-CURSOR x=75 y=80
FLAIR-EVT what=2 where=75,80 msg=00000000
FLAIR-MENU menu=385 item=3 (sel=0x01810003)
FLAIR-CURSOR x=0 y=20
FLAIR-CURSOR x=0 y=0
FLAIR-CURSOR x=55 y=28
FLAIR-EVT what=1 where=55,28 msg=00000000
FLAIR-MENU-DROP menu=385
FLAIR-CURSOR x=75 y=96
FLAIR-EVT what=2 where=75,96 msg=00000000
FLAIR-MENU menu=385 item=4 (sel=0x01810004)
FLAIR-CURSOR x=0 y=36
FLAIR-CURSOR x=0 y=0
FLAIR-CURSOR x=100 y=28
FLAIR-EVT what=1 where=100,28 msg=00000000
FLAIR-MENU-DROP menu=386
FLAIR-EVT what=2 where=100,28 msg=00000000
FLAIR-MENU menu=386 item=0 (sel=0x00000000)
FLAIR-CURSOR x=0 y=0
FLAIR-CURSOR x=100 y=28
FLAIR-EVT what=1 where=100,28 msg=00000000
FLAIR-MENU-DROP menu=386
FLAIR-CURSOR x=120 y=48
FLAIR-EVT what=2 where=120,48 msg=00000000
FLAIR-MENU menu=386 item=1 (sel=0x01820001)
FLAIR-EVT what=3 where=120,48 msg=00001474
FLAIR-EVT what=4 where=120,48 msg=00001474
FLAIR-EVT what=3 where=120,48 msg=00001265
FLAIR-EVT what=4 where=120,48 msg=00001265
FLAIR-EVT what=3 where=120,48 msg=00002D78
FLAIR-EVT what=4 where=120,48 msg=00002D78
FLAIR-EVT what=3 where=120,48 msg=00001474
FLAIR-EVT what=4 where=120,48 msg=00001474
FLAIR-EVT what=3 where=120,48 msg=00003920
FLAIR-EVT what=4 where=120,48 msg=00003920
FLAIR-EVT what=3 where=120,48 msg=00001F73
FLAIR-EVT what=4 where=120,48 msg=00001F73
FLAIR-EVT what=3 where=120,48 msg=00002368
FLAIR-EVT what=4 where=120,48 msg=00002368
FLAIR-EVT what=3 where=120,48 msg=0000186F
FLAIR-EVT what=4 where=120,48 msg=0000186F
FLAIR-EVT what=3 where=120,48 msg=00001675
FLAIR-EVT what=4 where=120,48 msg=00001675
FLAIR-EVT what=3 where=120,48 msg=0000266C
FLAIR-EVT what=4 where=120,48 msg=0000266C
FLAIR-EVT what=3 where=120,48 msg=00002064
FLAIR-EVT what=4 where=120,48 msg=00002064
FLAIR-EVT what=3 where=120,48 msg=00003920
FLAIR-EVT what=4 where=120,48 msg=00003920
FLAIR-EVT what=3 where=120,48 msg=00001E61
FLAIR-EVT what=4 where=120,48 msg=00001E61
FLAIR-EVT what=3 where=120,48 msg=00001970
FLAIR-EVT what=4 where=120,48 msg=00001970
FLAIR-EVT what=3 where=120,48 msg=00001970
FLAIR-EVT what=4 where=120,48 msg=00001970
FLAIR-EVT what=3 where=120,48 msg=00001265
FLAIR-EVT what=4 where=120,48 msg=00001265
FLAIR-EVT what=3 where=120,48 msg=00001E61
FLAIR-EVT what=4 where=120,48 msg=00001E61
FLAIR-EVT what=3 where=120,48 msg=00001372
FLAIR-EVT what=4 where=120,48 msg=00001372
FLAIR-EVT what=3 where=120,48 msg=00001F73
FLAIR-EVT what=4 where=120,48 msg=00001F73
FLAIR-EVT what=3 where=120,48 msg=00001071
FLAIR-EVT what=4 where=120,48 msg=00001071
FLAIR-CURSOR x=40 y=0
FLAIR-CURSOR x=0 y=0
FLAIR-CURSOR x=150 y=16
FLAIR-CURSOR x=300 y=32
FLAIR-CURSOR x=525 y=56
FLAIR-CURSOR x=600 y=64
FLAIR-EVT what=1 where=600,64 msg=00000000
FLAIR-DISPATCH app=FINDER
FLAIR-EVT what=2 where=600,64 msg=00000000
FINDER-ICON-SELECT name=INITECH count=1
FLAIR-EVT what=1 where=600,64 msg=00000000
FLAIR-EVT what=2 where=600,64 msg=00000000
FINDER-OPEN-VOLUME win=0 n=2
FLAIR-CURSOR x=520 y=4
FLAIR-CURSOR x=360 y=0
FLAIR-CURSOR x=200 y=0
FLAIR-CURSOR x=0 y=0
FLAIR-CURSOR x=54 y=101
FLAIR-EVT what=1 where=54,101 msg=00000000
FLAIR-EVT what=2 where=54,101 msg=00000000
FINDER-WIN-SELECT win=0 name=README.TXT count=1
FLAIR-EVT what=1 where=54,101 msg=00000000
FLAIR-EVT what=2 where=54,101 msg=00000000
FINDER-OPEN-ITEM NYI name=README.TXT
FLAIR-EVT what=3 where=54,101 msg=0000186F
FLAIR-EVT what=4 where=54,101 msg=0000186F
FLAIR-CURSOR x=0 y=0
FLAIR-CURSOR x=123 y=101
FLAIR-EVT what=1 where=123,101 msg=00000000
FLAIR-EVT what=2 where=123,101 msg=00000000
FINDER-WIN-SELECT win=0 name=APPS count=1
FLAIR-EVT what=1 where=123,101 msg=00000000
FLAIR-EVT what=2 where=123,101 msg=00000000
FINDER-OPEN-FOLDER name=APPS win=1 singleton=0
FLAIR-CURSOR x=43 y=41
FLAIR-CURSOR x=0 y=0
FLAIR-CURSOR x=75 y=124
FLAIR-EVT what=1 where=75,124 msg=00000000
FLAIR-EVT what=2 where=75,124 msg=00000000
FINDER-WIN-SELECT win=1 name=TENANTFX.EXE count=1
FLAIR-EVT what=1 where=75,124 msg=00000000
FLAIR-EVT what=2 where=75,124 msg=00000000
TENANT-LOAD name=TENANTFX.EXE len=812 base=0x0019e710
TENANT-REGISTER ok app=TENANTFX
TENANT-GATE ax=0x0001 rec=+0x00e4 -> 0
TENANT-GATE ax=0x0050 bar=+0x00fc -> 0
TENANT-GATE ax=0x0020 l=100 t=160 r=400 b=340 goaway=1 -> 1
TENANT-GATE ax=0x0022 win=1 s="TenantFix" -> 0
TENANT-GATE ax=0x0031 win=1 l=0 t=0 r=400 b=400 c=0 -> 0
TENANT-GATE ax=0x0030 win=1 x=16 y=16 s="Loaded from disk" fg=1 bg=0 -> 0
TENANT-GATE ax=0x0030 win=1 x=16 y=40 s="Click here to quit" fg=1 bg=0 -> 0
TENANT-EVT what=8
TENANT-EVT what=6
TENANT-GATE ax=0x0031 win=1 l=0 t=0 r=400 b=400 c=0 -> 0
TENANT-GATE ax=0x0030 win=1 x=16 y=16 s="Loaded from disk" fg=1 bg=0 -> 0
TENANT-GATE ax=0x0030 win=1 x=16 y=40 s="Click here to quit" fg=1 bg=0 -> 0
FLAIR-DISPATCH app=TENANTFX
FLAIR-CURSOR x=0 y=4
FLAIR-CURSOR x=0 y=0
FLAIR-CURSOR x=72 y=62
FLAIR-CURSOR x=143 y=124
FLAIR-EVT what=1 where=143,124 msg=00000000
TENANT-EVT what=8
TENANT-EVT what=6
TENANT-GATE ax=0x0031 win=1 l=0 t=0 r=400 b=400 c=0 -> 0
TENANT-GATE ax=0x0030 win=1 x=16 y=16 s="Loaded from disk" fg=1 bg=0 -> 0
TENANT-GATE ax=0x0030 win=1 x=16 y=40 s="Click here to quit" fg=1 bg=0 -> 0
FLAIR-DISPATCH app=FINDER
FLAIR-EVT what=2 where=143,124 msg=00000000
FINDER-WIN-SELECT win=1 name=CTENANT.EXE count=1
FLAIR-EVT what=1 where=143,124 msg=00000000
FLAIR-EVT what=2 where=143,124 msg=00000000
TENANT-SLOT-BUSY name=CTENANT.EXE
FLAIR-CURSOR x=63 y=64
FLAIR-CURSOR x=0 y=0
FLAIR-CURSOR x=125 y=85
FLAIR-CURSOR x=250 y=170
FLAIR-EVT what=1 where=250,170 msg=00000000
FLAIR-EVT what=2 where=250,170 msg=00000000
FINDER-WIN-DESELECT-ALL win=1
FLAIR-EVT what=3 where=250,170 msg=00000F09
FLAIR-EVT what=4 where=250,170 msg=00000F09
FLAIR-CURSOR x=90 y=50
FLAIR-CURSOR x=0 y=0
FLAIR-CURSOR x=70 y=14
FLAIR-CURSOR x=140 y=28
FLAIR-EVT what=1 where=140,28 msg=00000000
FLAIR-MENU-DROP menu=514
FLAIR-CURSOR x=174 y=48
FLAIR-EVT what=2 where=174,48 msg=00000000
FLAIR-MENU menu=514 item=1 (sel=0x02020001)
FINDER-CMD id=14 name=VIEW_ICONS src=mouse sel=0
FINDER-VIEW win=1 mode=icons
FLAIR-CURSOR x=94 y=0
FLAIR-CURSOR x=0 y=0
FLAIR-CURSOR x=118 y=19
FLAIR-CURSOR x=177 y=28
FLAIR-EVT what=1 where=177,28 msg=00000000
FLAIR-MENU-DROP menu=515
FLAIR-CURSOR x=204 y=48
FLAIR-EVT what=2 where=204,48 msg=00000000
FLAIR-MENU menu=515 item=1 (sel=0x02030001)
FINDER-CMD id=9 name=CLEANUP src=mouse sel=0
FINDER-CLEANUP win=1 moved=0
FLAIR-EVT what=3 where=204,48 msg=00001071
FLAIR-EVT what=4 where=204,48 msg=00001071
FLAIR-CURSOR x=124 y=0
FLAIR-CURSOR x=0 y=0
FLAIR-CURSOR x=143 y=124
FLAIR-EVT what=1 where=143,124 msg=00000000
FLAIR-EVT what=2 where=143,124 msg=00000000
FINDER-WIN-SELECT win=1 name=CTENANT.EXE count=1
FLAIR-EVT what=1 where=143,124 msg=00000000
FLAIR-EVT what=2 where=143,124 msg=00000000
TENANT-SLOT-BUSY name=CTENANT.EXE
FLAIR-CURSOR x=63 y=64
FLAIR-CURSOR x=0 y=0
FLAIR-CURSOR x=38 y=28
FLAIR-EVT what=1 where=38,28 msg=00000000
FLAIR-MENU-DROP menu=512
FLAIR-CURSOR x=55 y=48
FLAIR-EVT what=2 where=55,48 msg=00000000
FLAIR-MENU menu=512 item=1 (sel=0x02000001)
FINDER-CMD id=2 name=NEW_FOLDER src=mouse sel=1
FINDER-NEW-FOLDER name=NEWFOLD parent=3
FLAIR-CURSOR x=0 y=0
FLAIR-CURSOR x=141 y=83
FLAIR-CURSOR x=211 y=124
FLAIR-EVT what=1 where=211,124 msg=00000000
FLAIR-EVT what=2 where=211,124 msg=00000000
FINDER-WIN-SELECT win=1 name=123.EXE count=1
FLAIR-EVT what=1 where=211,124 msg=00000000
FLAIR-EVT what=2 where=211,124 msg=00000000
TENANT-SLOT-BUSY name=123.EXE
FLAIR-CURSOR x=131 y=64
FLAIR-CURSOR x=0 y=0
FLAIR-CURSOR x=38 y=28
FLAIR-EVT what=1 where=38,28 msg=00000000
FLAIR-MENU-DROP menu=512
FLAIR-CURSOR x=60 y=48
FLAIR-EVT what=2 where=60,48 msg=00000000
FLAIR-MENU menu=512 item=1 (sel=0x02000001)
FINDER-CMD id=2 name=NEW_FOLDER src=mouse sel=1
FINDER-NEW-FOLDER name=NEWFOL02 parent=3
FLAIR-EVT what=3 where=60,48 msg=00001177
FINDER-CMD id=4 name=CLOSE_WINDOW src=key sel=0
TENANT-EVT what=6
TENANT-GATE ax=0x0031 win=1 l=0 t=0 r=400 b=400 c=0 -> 0
TENANT-GATE ax=0x0030 win=1 x=16 y=16 s="Loaded from disk" fg=1 bg=0 -> 0
TENANT-GATE ax=0x0030 win=1 x=16 y=40 s="Click here to quit" fg=1 bg=0 -> 0
FINDER-CLOSE-WINDOW win=1
DESKTOP-DB-SAVE n=3
FLAIR-EVT what=4 where=60,48 msg=00001177
FLAIR-CURSOR x=0 y=0
FLAIR-CURSOR x=148 y=108
FLAIR-CURSOR x=370 y=270
FLAIR-EVT what=1 where=370,270 msg=00000000
FLAIR-CURSOR x=230 y=180
FLAIR-EVT what=2 where=230,180 msg=00000000
TENANT-EVT what=6
TENANT-GATE ax=0x0031 win=1 l=0 t=0 r=400 b=400 c=0 -> 0
TENANT-GATE ax=0x0030 win=1 x=16 y=16 s="Loaded from disk" fg=1 bg=0 -> 0
TENANT-GATE ax=0x0030 win=1 x=16 y=40 s="Click here to quit" fg=1 bg=0 -> 0
FLAIR-GROW win 0 (360,220)->(220,130)
FLAIR-EVT what=3 where=230,180 msg=00001177
FINDER-CMD id=4 name=CLOSE_WINDOW src=key sel=1
TENANT-EVT what=6
TENANT-GATE ax=0x0031 win=1 l=0 t=0 r=400 b=400 c=0 -> 0
TENANT-GATE ax=0x0030 win=1 x=16 y=16 s="Loaded from disk" fg=1 bg=0 -> 0
TENANT-GATE ax=0x0030 win=1 x=16 y=40 s="Click here to quit" fg=1 bg=0 -> 0
FINDER-CLOSE-WINDOW win=0
DESKTOP-DB-SAVE n=4
FLAIR-EVT what=4 where=230,180 msg=00001177
FLAIR-CURSOR x=0 y=0
FLAIR-CURSOR x=150 y=16
FLAIR-CURSOR x=300 y=32
FLAIR-CURSOR x=450 y=48
FLAIR-CURSOR x=600 y=64
FLAIR-EVT what=1 where=600,64 msg=00000000
FLAIR-EVT what=2 where=600,64 msg=00000000
FINDER-ICON-SELECT name=INITECH count=1
FLAIR-EVT what=1 where=600,64 msg=00000000
FLAIR-EVT what=2 where=600,64 msg=00000000
FINDER-OPEN-VOLUME win=0 n=2
FLAIR-EVT what=3 where=600,64 msg=00001177
FINDER-CMD id=4 name=CLOSE_WINDOW src=key sel=0
TENANT-EVT what=6
TENANT-GATE ax=0x0031 win=1 l=0 t=0 r=400 b=400 c=0 -> 0
TENANT-GATE ax=0x0030 win=1 x=16 y=16 s="Loaded from disk" fg=1 bg=0 -> 0
TENANT-GATE ax=0x0030 win=1 x=16 y=40 s="Click here to quit" fg=1 bg=0 -> 0
FINDER-CLOSE-WINDOW win=0
DESKTOP-DB-SAVE n=4
FLAIR-EVT what=4 where=600,64 msg=00001177
