S1
JMP2
S2
VBE
FONT
E820
KLOAD
A20
GDT
PM
LFB
OK
KHI
KERNEL
KAT 0x00500000-0x005349A4
BI-OK
EXTMEM kb=15232
PIC
IDT
FPU-INIT present cw=037F
INT21
IDT-SELFTEST-OK
IDT-RESUMED
CONSOLE
BANNER-BEGIN
InitechDOS  Version 3.30
Copyright (C) 1991 Initech Systems Corporation.  All Rights Reserved.
BANNER-END
BANNER
FLAIR-HEAP-OK
FLAIR-FAT-MOUNT-BEGIN
FLAIR-FAT-MOUNT-OK
DESKTOP-DB-CREATE
TRASH-CREATE
FLAIR-DESKTOP
FINDER-DESKTOP-ICONS n=2
TBX-GATE-READY vec=0x81
FLAIR-TENANTS-READY hello+notes co-resident; HELLO foreground
FLAIR-HOOK-SET
IRQ-LIVE
FLAIR-LIVE-READY
FLAIR-CURSOR x=160 y=120
FLAIR-TICK n=4
FLAIR-CURSOR x=0 y=0
FLAIR-TICK n=7
FLAIR-TICK n=10
FLAIR-TICK n=13
FLAIR-CURSOR x=18 y=28
FLAIR-EVT what=1 where=18,28 msg=00000000
FLAIR-MENU-DROP menu=256
FLAIR-EVT what=2 where=18,28 msg=00000000
FLAIR-MENU menu=256 item=0 (sel=0x00000000)
FLAIR-CURSOR x=0 y=0
FLAIR-CURSOR x=18 y=28
FLAIR-EVT what=1 where=18,28 msg=00000000
FLAIR-MENU-DROP menu=256
FLAIR-CURSOR x=48 y=48
FLAIR-EVT what=2 where=48,48 msg=00000000
FLAIR-MENU menu=256 item=1 (sel=0x01000001)
FLAIR-CURSOR x=0 y=0
FLAIR-CURSOR x=18 y=28
FLAIR-EVT what=1 where=18,28 msg=00000000
FLAIR-MENU-DROP menu=256
FLAIR-CURSOR x=48 y=64
FLAIR-EVT what=2 where=48,64 msg=00000000
FLAIR-MENU menu=256 item=2 (sel=0x01000002)
FLAIR-CURSOR x=0 y=4
FLAIR-CURSOR x=0 y=0
FLAIR-CURSOR x=54 y=28
FLAIR-EVT what=1 where=54,28 msg=00000000
FLAIR-MENU-DROP menu=257
FLAIR-EVT what=2 where=54,28 msg=00000000
FLAIR-MENU menu=257 item=0 (sel=0x00000000)
FLAIR-CURSOR x=0 y=0
FLAIR-CURSOR x=54 y=28
FLAIR-EVT what=1 where=54,28 msg=00000000
FLAIR-MENU-DROP menu=257
FLAIR-CURSOR x=84 y=48
FLAIR-EVT what=2 where=84,48 msg=00000000
FLAIR-MENU menu=257 item=1 (sel=0x01010001)
FLAIR-CURSOR x=0 y=0
FLAIR-CURSOR x=54 y=28
FLAIR-EVT what=1 where=54,28 msg=00000000
FLAIR-MENU-DROP menu=257
FLAIR-CURSOR x=84 y=64
FLAIR-EVT what=2 where=84,64 msg=00000000
FLAIR-MENU menu=257 item=2 (sel=0x01010002)
FLAIR-CURSOR x=4 y=4
FLAIR-CURSOR x=0 y=0
FLAIR-CURSOR x=103 y=28
FLAIR-EVT what=1 where=103,28 msg=00000000
FLAIR-MENU-DROP menu=258
FLAIR-EVT what=2 where=103,28 msg=00000000
FLAIR-MENU menu=258 item=0 (sel=0x00000000)
FLAIR-CURSOR x=0 y=0
FLAIR-CURSOR x=103 y=28
FLAIR-EVT what=1 where=103,28 msg=00000000
FLAIR-MENU-DROP menu=258
FLAIR-CURSOR x=133 y=48
FLAIR-EVT what=2 where=133,48 msg=00000000
FLAIR-MENU menu=258 item=1 (sel=0x01020001)
FLAIR-CURSOR x=53 y=0
FLAIR-CURSOR x=0 y=0
FLAIR-CURSOR x=103 y=28
FLAIR-EVT what=1 where=103,28 msg=00000000
FLAIR-MENU-DROP menu=258
FLAIR-CURSOR x=133 y=64
FLAIR-EVT what=2 where=133,64 msg=00000000
FLAIR-MENU menu=258 item=2 (sel=0x01020002)
FLAIR-CURSOR x=0 y=0
FLAIR-CURSOR x=74 y=14
FLAIR-CURSOR x=149 y=28
FLAIR-EVT what=1 where=149,28 msg=00000000
FLAIR-MENU-DROP menu=259
FLAIR-EVT what=2 where=149,28 msg=00000000
FLAIR-MENU menu=259 item=0 (sel=0x00000000)
FLAIR-CURSOR x=0 y=0
FLAIR-CURSOR x=74 y=14
FLAIR-CURSOR x=149 y=28
FLAIR-EVT what=1 where=149,28 msg=00000000
FLAIR-MENU-DROP menu=259
FLAIR-CURSOR x=179 y=48
FLAIR-EVT what=2 where=179,48 msg=00000000
FLAIR-MENU menu=259 item=1 (sel=0x01030001)
FLAIR-CURSOR x=99 y=0
FLAIR-CURSOR x=0 y=0
FLAIR-CURSOR x=149 y=28
FLAIR-EVT what=1 where=149,28 msg=00000000
FLAIR-MENU-DROP menu=259
FLAIR-CURSOR x=179 y=64
FLAIR-EVT what=2 where=179,64 msg=00000000
FLAIR-MENU menu=259 item=2 (sel=0x01030002)
FLAIR-CURSOR x=99 y=4
FLAIR-CURSOR x=0 y=0
FLAIR-CURSOR x=132 y=19
FLAIR-CURSOR x=198 y=28
FLAIR-EVT what=1 where=198,28 msg=00000000
FLAIR-MENU-DROP menu=260
FLAIR-EVT what=2 where=198,28 msg=00000000
FLAIR-MENU menu=260 item=0 (sel=0x00000000)
FLAIR-CURSOR x=0 y=0
FLAIR-CURSOR x=66 y=9
FLAIR-CURSOR x=198 y=28
FLAIR-EVT what=1 where=198,28 msg=00000000
FLAIR-MENU-DROP menu=260
FLAIR-CURSOR x=228 y=48
FLAIR-EVT what=2 where=228,48 msg=00000000
FLAIR-MENU menu=260 item=1 (sel=0x01040001)
FLAIR-CURSOR x=148 y=0
FLAIR-CURSOR x=0 y=0
FLAIR-CURSOR x=132 y=19
FLAIR-CURSOR x=198 y=28
FLAIR-EVT what=1 where=198,28 msg=00000000
FLAIR-MENU-DROP menu=260
FLAIR-CURSOR x=228 y=64
FLAIR-EVT what=2 where=228,64 msg=00000000
FLAIR-MENU menu=260 item=2 (sel=0x01040002)
FLAIR-CURSOR x=68 y=0
FLAIR-CURSOR x=0 y=0
FLAIR-CURSOR x=120 y=14
FLAIR-CURSOR x=241 y=28
FLAIR-EVT what=1 where=241,28 msg=00000000
FLAIR-MENU-DROP menu=261
FLAIR-EVT what=2 where=241,28 msg=00000000
FLAIR-MENU menu=261 item=0 (sel=0x00000000)
FLAIR-CURSOR x=0 y=0
FLAIR-CURSOR x=60 y=7
FLAIR-CURSOR x=241 y=28
FLAIR-EVT what=1 where=241,28 msg=00000000
FLAIR-MENU-DROP menu=261
FLAIR-CURSOR x=271 y=48
FLAIR-EVT what=2 where=271,48 msg=00000000
FLAIR-MENU menu=261 item=1 (sel=0x01050001)
FLAIR-CURSOR x=191 y=0
FLAIR-CURSOR x=31 y=0
FLAIR-CURSOR x=0 y=0
FLAIR-CURSOR x=120 y=14
FLAIR-CURSOR x=241 y=28
FLAIR-EVT what=1 where=241,28 msg=00000000
FLAIR-MENU-DROP menu=261
FLAIR-CURSOR x=271 y=64
FLAIR-EVT what=2 where=271,64 msg=00000000
FLAIR-MENU menu=261 item=2 (sel=0x01050002)
FLAIR-CURSOR x=191 y=4
FLAIR-CURSOR x=0 y=0
FLAIR-CURSOR x=146 y=14
FLAIR-CURSOR x=292 y=28
FLAIR-EVT what=1 where=292,28 msg=00000000
FLAIR-MENU-DROP menu=262
FLAIR-EVT what=2 where=292,28 msg=00000000
FLAIR-MENU menu=262 item=0 (sel=0x00000000)
FLAIR-CURSOR x=0 y=0
FLAIR-CURSOR x=146 y=14
FLAIR-CURSOR x=292 y=28
FLAIR-EVT what=1 where=292,28 msg=00000000
FLAIR-MENU-DROP menu=262
FLAIR-CURSOR x=322 y=48
FLAIR-EVT what=2 where=322,48 msg=00000000
FLAIR-MENU menu=262 item=1 (sel=0x01060001)
FLAIR-CURSOR x=82 y=0
FLAIR-CURSOR x=0 y=0
FLAIR-CURSOR x=73 y=7
FLAIR-CURSOR x=292 y=28
FLAIR-EVT what=1 where=292,28 msg=00000000
FLAIR-MENU-DROP menu=262
FLAIR-CURSOR x=322 y=64
FLAIR-EVT what=2 where=322,64 msg=00000000
FLAIR-MENU menu=262 item=2 (sel=0x01060002)
FLAIR-CURSOR x=242 y=4
FLAIR-CURSOR x=82 y=0
FLAIR-CURSOR x=0 y=0
FLAIR-CURSOR x=148 y=11
FLAIR-CURSOR x=297 y=22
FLAIR-CURSOR x=371 y=28
FLAIR-EVT what=1 where=371,28 msg=00000000
FLAIR-MENU-DROP menu=263
FLAIR-EVT what=2 where=371,28 msg=00000000
FLAIR-MENU menu=263 item=0 (sel=0x00000000)
FLAIR-CURSOR x=0 y=0
FLAIR-CURSOR x=148 y=11
FLAIR-CURSOR x=297 y=22
FLAIR-CURSOR x=371 y=28
FLAIR-EVT what=1 where=371,28 msg=00000000
FLAIR-MENU-DROP menu=263
FLAIR-CURSOR x=401 y=48
FLAIR-EVT what=2 where=401,48 msg=00000000
FLAIR-MENU menu=263 item=1 (sel=0x01070001)
FLAIR-CURSOR x=161 y=0
FLAIR-CURSOR x=1 y=0
FLAIR-CURSOR x=0 y=0
FLAIR-CURSOR x=74 y=6
FLAIR-CURSOR x=297 y=22
FLAIR-CURSOR x=371 y=28
FLAIR-EVT what=1 where=371,28 msg=00000000
FLAIR-MENU-DROP menu=263
FLAIR-CURSOR x=401 y=64
FLAIR-EVT what=2 where=401,64 msg=00000000
FLAIR-MENU menu=263 item=2 (sel=0x01070002)
FLAIR-CURSOR x=321 y=4
FLAIR-CURSOR x=161 y=0
FLAIR-CURSOR x=1 y=0
FLAIR-CURSOR x=0 y=0
FLAIR-CURSOR x=143 y=43
FLAIR-CURSOR x=287 y=87
FLAIR-CURSOR x=430 y=130
FLAIR-EVT what=1 where=430,130 msg=00000000
FLAIR-DISPATCH app=NOTES
FLAIR-EVT what=2 where=430,130 msg=00000000
FLAIR-DRAG win 0 (260,120)->(260,120)
FLAIR-EVT what=3 where=430,130 msg=0000326D
FLAIR-EVT what=4 where=430,130 msg=0000326D
FLAIR-EVT what=3 where=430,130 msg=00001265
FLAIR-EVT what=4 where=430,130 msg=00001265
FLAIR-EVT what=3 where=430,130 msg=0000316E
FLAIR-EVT what=4 where=430,130 msg=0000316E
FLAIR-EVT what=3 where=430,130 msg=00001675
FLAIR-EVT what=4 where=430,130 msg=00001675
FLAIR-EVT what=3 where=430,130 msg=00003920
FLAIR-EVT what=4 where=430,130 msg=00003920
FLAIR-EVT what=3 where=430,130 msg=00001E61
FLAIR-EVT what=4 where=430,130 msg=00001E61
FLAIR-EVT what=3 where=430,130 msg=00001675
FLAIR-EVT what=4 where=430,130 msg=00001675
FLAIR-EVT what=3 where=430,130 msg=00002064
FLAIR-EVT what=4 where=430,130 msg=00002064
FLAIR-EVT what=3 where=430,130 msg=00001769
FLAIR-EVT what=4 where=430,130 msg=00001769
FLAIR-EVT what=3 where=430,130 msg=00001474
FLAIR-EVT what=4 where=430,130 msg=00001474
FLAIR-CURSOR x=270 y=10
FLAIR-CURSOR x=30 y=0
FLAIR-CURSOR x=0 y=0
FLAIR-CURSOR x=38 y=28
FLAIR-EVT what=1 where=38,28 msg=00000000
FLAIR-MENU-DROP menu=385
FLAIR-EVT what=2 where=38,28 msg=00000000
FLAIR-MENU menu=385 item=0 (sel=0x00000000)
FLAIR-CURSOR x=0 y=0
FLAIR-CURSOR x=38 y=28
FLAIR-EVT what=1 where=38,28 msg=00000000
FLAIR-MENU-DROP menu=385
FLAIR-CURSOR x=68 y=48
FLAIR-EVT what=2 where=68,48 msg=00000000
FLAIR-MENU menu=385 item=1 (sel=0x01810001)
FLAIR-CURSOR x=0 y=0
FLAIR-CURSOR x=38 y=28
FLAIR-EVT what=1 where=38,28 msg=00000000
FLAIR-MENU-DROP menu=385
FLAIR-CURSOR x=68 y=64
FLAIR-EVT what=2 where=68,64 msg=00000000
FLAIR-MENU menu=385 item=2 (sel=0x01810002)
FLAIR-CURSOR x=0 y=0
FLAIR-CURSOR x=38 y=28
FLAIR-EVT what=1 where=38,28 msg=00000000
FLAIR-MENU-DROP menu=385
FLAIR-CURSOR x=68 y=80
FLAIR-EVT what=2 where=68,80 msg=00000000
FLAIR-MENU menu=385 item=3 (sel=0x01810003)
FLAIR-CURSOR x=0 y=20
FLAIR-CURSOR x=0 y=0
FLAIR-CURSOR x=38 y=28
FLAIR-EVT what=1 where=38,28 msg=00000000
FLAIR-MENU-DROP menu=385
FLAIR-CURSOR x=68 y=96
FLAIR-EVT what=2 where=68,96 msg=00000000
FLAIR-MENU menu=385 item=4 (sel=0x01810004)
FLAIR-CURSOR x=0 y=0
FLAIR-CURSOR x=77 y=28
FLAIR-EVT what=1 where=77,28 msg=00000000
FLAIR-MENU-DROP menu=386
FLAIR-EVT what=2 where=77,28 msg=00000000
FLAIR-MENU menu=386 item=0 (sel=0x00000000)
FLAIR-CURSOR x=0 y=0
FLAIR-CURSOR x=77 y=28
FLAIR-EVT what=1 where=77,28 msg=00000000
FLAIR-MENU-DROP menu=386
FLAIR-CURSOR x=107 y=48
FLAIR-EVT what=2 where=107,48 msg=00000000
FLAIR-MENU menu=386 item=1 (sel=0x01820001)
FLAIR-CURSOR x=0 y=0
FLAIR-CURSOR x=77 y=28
FLAIR-EVT what=1 where=77,28 msg=00000000
FLAIR-MENU-DROP menu=386
FLAIR-CURSOR x=107 y=64
FLAIR-EVT what=2 where=107,64 msg=00000000
FLAIR-MENU menu=386 item=0 (sel=0x00000000)
FLAIR-CURSOR x=27 y=4
FLAIR-CURSOR x=0 y=0
FLAIR-CURSOR x=77 y=28
FLAIR-EVT what=1 where=77,28 msg=00000000
FLAIR-MENU-DROP menu=386
FLAIR-CURSOR x=107 y=80
FLAIR-EVT what=2 where=107,80 msg=00000000
FLAIR-MENU menu=386 item=0 (sel=0x00000000)
FLAIR-CURSOR x=27 y=20
FLAIR-CURSOR x=0 y=0
FLAIR-CURSOR x=77 y=28
FLAIR-EVT what=1 where=77,28 msg=00000000
FLAIR-MENU-DROP menu=386
FLAIR-CURSOR x=107 y=96
FLAIR-EVT what=2 where=107,96 msg=00000000
FLAIR-MENU menu=386 item=0 (sel=0x00000000)
FLAIR-CURSOR x=27 y=36
FLAIR-CURSOR x=0 y=0
FLAIR-CURSOR x=122 y=28
FLAIR-EVT what=1 where=122,28 msg=00000000
FLAIR-MENU-DROP menu=386
FLAIR-EVT what=2 where=122,28 msg=00000000
FLAIR-MENU menu=386 item=0 (sel=0x00000000)
FLAIR-CURSOR x=0 y=0
FLAIR-CURSOR x=122 y=28
FLAIR-EVT what=1 where=122,28 msg=00000000
FLAIR-MENU-DROP menu=386
FLAIR-CURSOR x=152 y=48
FLAIR-EVT what=2 where=152,48 msg=00000000
FLAIR-MENU menu=386 item=1 (sel=0x01820001)
FLAIR-CURSOR x=0 y=0
FLAIR-CURSOR x=75 y=8
FLAIR-CURSOR x=225 y=24
FLAIR-CURSOR x=375 y=40
FLAIR-CURSOR x=600 y=64
FLAIR-EVT what=1 where=600,64 msg=00000000
FLAIR-DISPATCH app=FINDER
FLAIR-EVT what=2 where=600,64 msg=00000000
FINDER-ICON-SELECT name=INITECH count=1
FLAIR-EVT what=1 where=600,64 msg=00000000
FLAIR-EVT what=2 where=600,64 msg=00000000
FINDER-OPEN-VOLUME win=0 n=2
FLAIR-CURSOR x=440 y=0
FLAIR-CURSOR x=280 y=0
FLAIR-CURSOR x=120 y=0
FLAIR-CURSOR x=0 y=0
FLAIR-CURSOR x=27 y=50
FLAIR-CURSOR x=54 y=101
FLAIR-EVT what=1 where=54,101 msg=00000000
FLAIR-EVT what=2 where=54,101 msg=00000000
FINDER-WIN-SELECT win=0 name=README.TXT count=1
FLAIR-CURSOR x=0 y=41
FLAIR-CURSOR x=0 y=0
FLAIR-CURSOR x=38 y=28
FLAIR-EVT what=1 where=38,28 msg=00000000
FLAIR-MENU-DROP menu=512
FLAIR-EVT what=2 where=38,28 msg=00000000
FLAIR-MENU menu=512 item=0 (sel=0x00000000)
FLAIR-CURSOR x=0 y=0
FLAIR-CURSOR x=38 y=28
FLAIR-EVT what=1 where=38,28 msg=00000000
FLAIR-MENU-DROP menu=512
FLAIR-CURSOR x=68 y=80
FLAIR-EVT what=2 where=68,80 msg=00000000
FLAIR-MENU menu=512 item=0 (sel=0x00000000)
FLAIR-CURSOR x=0 y=0
FLAIR-CURSOR x=38 y=28
FLAIR-EVT what=1 where=38,28 msg=00000000
FLAIR-MENU-DROP menu=512
FLAIR-CURSOR x=53 y=73
FLAIR-CURSOR x=68 y=118
FLAIR-EVT what=2 where=68,118 msg=00000000
FLAIR-MENU menu=512 item=0 (sel=0x00000000)
FLAIR-CURSOR x=0 y=58
FLAIR-CURSOR x=0 y=0
FLAIR-CURSOR x=38 y=28
FLAIR-EVT what=1 where=38,28 msg=00000000
FLAIR-MENU-DROP menu=512
FLAIR-CURSOR x=53 y=81
FLAIR-CURSOR x=68 y=134
FLAIR-EVT what=2 where=68,134 msg=00000000
FLAIR-MENU menu=512 item=0 (sel=0x00000000)
FLAIR-CURSOR x=0 y=14
FLAIR-CURSOR x=0 y=0
FLAIR-CURSOR x=38 y=28
FLAIR-EVT what=1 where=38,28 msg=00000000
FLAIR-MENU-DROP menu=512
FLAIR-CURSOR x=53 y=89
FLAIR-CURSOR x=68 y=150
FLAIR-EVT what=2 where=68,150 msg=00000000
FLAIR-MENU menu=512 item=0 (sel=0x00000000)
FLAIR-CURSOR x=0 y=30
FLAIR-CURSOR x=0 y=0
FLAIR-CURSOR x=38 y=28
FLAIR-EVT what=1 where=38,28 msg=00000000
FLAIR-MENU-DROP menu=512
FLAIR-CURSOR x=53 y=97
FLAIR-CURSOR x=68 y=166
FLAIR-EVT what=2 where=68,166 msg=00000000
FLAIR-MENU menu=512 item=0 (sel=0x00000000)
FLAIR-CURSOR x=0 y=106
FLAIR-CURSOR x=0 y=0
FLAIR-CURSOR x=38 y=28
FLAIR-EVT what=1 where=38,28 msg=00000000
FLAIR-MENU-DROP menu=512
FLAIR-CURSOR x=53 y=108
FLAIR-CURSOR x=68 y=188
FLAIR-EVT what=2 where=68,188 msg=00000000
FLAIR-MENU menu=512 item=0 (sel=0x00000000)
FLAIR-CURSOR x=0 y=68
FLAIR-CURSOR x=0 y=0
FLAIR-CURSOR x=38 y=28
FLAIR-EVT what=1 where=38,28 msg=00000000
FLAIR-MENU-DROP menu=512
FLAIR-CURSOR x=48 y=87
FLAIR-CURSOR x=68 y=204
FLAIR-EVT what=2 where=68,204 msg=00000000
FLAIR-MENU menu=512 item=0 (sel=0x00000000)
FLAIR-CURSOR x=0 y=144
FLAIR-CURSOR x=0 y=24
FLAIR-CURSOR x=0 y=0
FLAIR-CURSOR x=38 y=28
FLAIR-EVT what=1 where=38,28 msg=00000000
FLAIR-MENU-DROP menu=512
FLAIR-CURSOR x=58 y=156
FLAIR-CURSOR x=68 y=220
FLAIR-EVT what=2 where=68,220 msg=00000000
FLAIR-MENU menu=512 item=0 (sel=0x00000000)
FLAIR-CURSOR x=0 y=100
FLAIR-CURSOR x=0 y=0
FLAIR-CURSOR x=38 y=28
FLAIR-EVT what=1 where=38,28 msg=00000000
FLAIR-MENU-DROP menu=512
FLAIR-CURSOR x=48 y=97
FLAIR-CURSOR x=68 y=236
FLAIR-EVT what=2 where=68,236 msg=00000000
FLAIR-MENU menu=512 item=0 (sel=0x00000000)
FLAIR-CURSOR x=0 y=116
FLAIR-CURSOR x=0 y=0
FLAIR-CURSOR x=76 y=28
FLAIR-EVT what=1 where=76,28 msg=00000000
FLAIR-MENU-DROP menu=513
FLAIR-EVT what=2 where=76,28 msg=00000000
FLAIR-MENU menu=513 item=0 (sel=0x00000000)
FLAIR-CURSOR x=0 y=0
FLAIR-CURSOR x=76 y=28
FLAIR-EVT what=1 where=76,28 msg=00000000
FLAIR-MENU-DROP menu=513
FLAIR-CURSOR x=106 y=48
FLAIR-EVT what=2 where=106,48 msg=00000000
FLAIR-MENU menu=513 item=0 (sel=0x00000000)
FLAIR-CURSOR x=26 y=0
FLAIR-CURSOR x=0 y=0
FLAIR-CURSOR x=76 y=28
FLAIR-EVT what=1 where=76,28 msg=00000000
FLAIR-MENU-DROP menu=513
FLAIR-CURSOR x=106 y=64
FLAIR-EVT what=2 where=106,64 msg=00000000
FLAIR-MENU menu=513 item=0 (sel=0x00000000)
FLAIR-CURSOR x=0 y=0
FLAIR-CURSOR x=76 y=28
FLAIR-EVT what=1 where=76,28 msg=00000000
FLAIR-MENU-DROP menu=513
FLAIR-CURSOR x=106 y=80
FLAIR-EVT what=2 where=106,80 msg=00000000
FLAIR-MENU menu=513 item=0 (sel=0x00000000)
FLAIR-CURSOR x=26 y=20
FLAIR-CURSOR x=0 y=0
FLAIR-CURSOR x=76 y=28
FLAIR-EVT what=1 where=76,28 msg=00000000
FLAIR-MENU-DROP menu=513
FLAIR-CURSOR x=106 y=96
FLAIR-EVT what=2 where=106,96 msg=00000000
FLAIR-MENU menu=513 item=0 (sel=0x00000000)
FLAIR-CURSOR x=26 y=36
FLAIR-CURSOR x=0 y=0
FLAIR-CURSOR x=76 y=28
FLAIR-EVT what=1 where=76,28 msg=00000000
FLAIR-MENU-DROP menu=513
FLAIR-CURSOR x=91 y=70
FLAIR-CURSOR x=106 y=112
FLAIR-EVT what=2 where=106,112 msg=00000000
FLAIR-MENU menu=513 item=0 (sel=0x00000000)
FLAIR-CURSOR x=0 y=0
FLAIR-CURSOR x=76 y=28
FLAIR-EVT what=1 where=76,28 msg=00000000
FLAIR-MENU-DROP menu=513
FLAIR-CURSOR x=91 y=78
FLAIR-CURSOR x=106 y=128
FLAIR-EVT what=2 where=106,128 msg=00000000
FLAIR-MENU menu=513 item=6 (sel=0x02010006)
FINDER-CMD id=8 name=SELECT_ALL src=mouse sel=1
FINDER-SELECT-ALL win=0 n=2
FLAIR-CURSOR x=26 y=68
FLAIR-CURSOR x=0 y=0
FLAIR-CURSOR x=76 y=28
FLAIR-EVT what=1 where=76,28 msg=00000000
FLAIR-MENU-DROP menu=513
FLAIR-CURSOR x=91 y=89
FLAIR-CURSOR x=106 y=150
FLAIR-EVT what=2 where=106,150 msg=00000000
FLAIR-MENU menu=513 item=0 (sel=0x00000000)
FLAIR-CURSOR x=0 y=30
FLAIR-CURSOR x=0 y=0
FLAIR-CURSOR x=76 y=28
FLAIR-EVT what=1 where=76,28 msg=00000000
FLAIR-MENU-DROP menu=513
FLAIR-CURSOR x=91 y=100
FLAIR-CURSOR x=106 y=172
FLAIR-EVT what=2 where=106,172 msg=00000000
FLAIR-MENU menu=513 item=0 (sel=0x00000000)
FLAIR-CURSOR x=26 y=112
FLAIR-CURSOR x=0 y=0
FLAIR-CURSOR x=119 y=28
FLAIR-EVT what=1 where=119,28 msg=00000000
FLAIR-MENU-DROP menu=514
FLAIR-EVT what=2 where=119,28 msg=00000000
FLAIR-MENU menu=514 item=0 (sel=0x00000000)
FLAIR-CURSOR x=0 y=0
FLAIR-CURSOR x=119 y=28
FLAIR-EVT what=1 where=119,28 msg=00000000
FLAIR-MENU-DROP menu=514
FLAIR-CURSOR x=149 y=48
FLAIR-EVT what=2 where=149,48 msg=00000000
FLAIR-MENU menu=514 item=1 (sel=0x02020001)
FINDER-CMD id=14 name=VIEW_ICONS src=mouse sel=2
FINDER-VIEW win=0 mode=icons
FLAIR-CURSOR x=69 y=0
FLAIR-CURSOR x=0 y=0
FLAIR-CURSOR x=119 y=28
FLAIR-EVT what=1 where=119,28 msg=00000000
FLAIR-MENU-DROP menu=514
FLAIR-CURSOR x=149 y=64
FLAIR-EVT what=2 where=149,64 msg=00000000
FLAIR-MENU menu=514 item=0 (sel=0x00000000)
FLAIR-CURSOR x=69 y=4
FLAIR-CURSOR x=0 y=0
FLAIR-CURSOR x=119 y=28
FLAIR-EVT what=1 where=119,28 msg=00000000
FLAIR-MENU-DROP menu=514
FLAIR-CURSOR x=149 y=80
FLAIR-EVT what=2 where=149,80 msg=00000000
FLAIR-MENU menu=514 item=0 (sel=0x00000000)
FLAIR-CURSOR x=69 y=20
FLAIR-CURSOR x=0 y=0
FLAIR-CURSOR x=119 y=28
FLAIR-EVT what=1 where=119,28 msg=00000000
FLAIR-MENU-DROP menu=514
FLAIR-CURSOR x=149 y=96
FLAIR-EVT what=2 where=149,96 msg=00000000
FLAIR-MENU menu=514 item=0 (sel=0x00000000)
FLAIR-CURSOR x=0 y=0
FLAIR-CURSOR x=60 y=14
FLAIR-CURSOR x=119 y=28
FLAIR-EVT what=1 where=119,28 msg=00000000
FLAIR-MENU-DROP menu=514
FLAIR-CURSOR x=134 y=70
FLAIR-CURSOR x=149 y=112
FLAIR-EVT what=2 where=149,112 msg=00000000
FLAIR-MENU menu=514 item=0 (sel=0x00000000)
FLAIR-CURSOR x=0 y=0
FLAIR-CURSOR x=60 y=14
FLAIR-CURSOR x=119 y=28
FLAIR-EVT what=1 where=119,28 msg=00000000
FLAIR-MENU-DROP menu=514
FLAIR-CURSOR x=134 y=78
FLAIR-CURSOR x=149 y=128
FLAIR-EVT what=2 where=149,128 msg=00000000
FLAIR-MENU menu=514 item=0 (sel=0x00000000)
FLAIR-CURSOR x=69 y=68
FLAIR-CURSOR x=0 y=0
FLAIR-CURSOR x=119 y=28
FLAIR-EVT what=1 where=119,28 msg=00000000
FLAIR-MENU-DROP menu=514
FLAIR-CURSOR x=134 y=86
FLAIR-CURSOR x=149 y=144
FLAIR-EVT what=2 where=149,144 msg=00000000
FLAIR-MENU menu=514 item=0 (sel=0x00000000)
FLAIR-CURSOR x=0 y=24
FLAIR-CURSOR x=0 y=0
FLAIR-CURSOR x=60 y=14
FLAIR-CURSOR x=119 y=28
FLAIR-EVT what=1 where=119,28 msg=00000000
FLAIR-MENU-DROP menu=514
FLAIR-CURSOR x=134 y=94
FLAIR-CURSOR x=149 y=160
FLAIR-EVT what=2 where=149,160 msg=00000000
FLAIR-MENU menu=514 item=0 (sel=0x00000000)
FLAIR-CURSOR x=69 y=100
FLAIR-CURSOR x=0 y=0
FLAIR-CURSOR x=119 y=28
FLAIR-EVT what=1 where=119,28 msg=00000000
FLAIR-MENU-DROP menu=514
FLAIR-CURSOR x=134 y=102
FLAIR-CURSOR x=149 y=176
FLAIR-EVT what=2 where=149,176 msg=00000000
FLAIR-MENU menu=514 item=0 (sel=0x00000000)
FLAIR-CURSOR x=69 y=116
FLAIR-CURSOR x=0 y=0
FLAIR-CURSOR x=60 y=14
FLAIR-CURSOR x=119 y=28
FLAIR-EVT what=1 where=119,28 msg=00000000
FLAIR-MENU-DROP menu=514
FLAIR-CURSOR x=129 y=85
FLAIR-CURSOR x=149 y=198
FLAIR-EVT what=2 where=149,198 msg=00000000
FLAIR-MENU menu=514 item=11 (sel=0x0202000B)
FINDER-CMD id=9 name=CLEANUP src=mouse sel=2
FINDER-CLEANUP win=0 moved=0
FLAIR-CURSOR x=0 y=18
FLAIR-CURSOR x=0 y=0
FLAIR-CURSOR x=60 y=14
FLAIR-CURSOR x=119 y=28
FLAIR-EVT what=1 where=119,28 msg=00000000
FLAIR-MENU-DROP menu=514
FLAIR-CURSOR x=129 y=90
FLAIR-CURSOR x=149 y=214
FLAIR-EVT what=2 where=149,214 msg=00000000
FLAIR-MENU menu=514 item=12 (sel=0x0202000C)
FINDER-CMD id=10 name=ARRANGE_BY_NAME src=mouse sel=2
FINDER-ARRANGE win=0 moved=2
FLAIR-CURSOR x=69 y=154
FLAIR-CURSOR x=0 y=34
FLAIR-CURSOR x=0 y=0
FLAIR-CURSOR x=115 y=19
FLAIR-CURSOR x=172 y=28
FLAIR-EVT what=1 where=172,28 msg=00000000
FLAIR-MENU-DROP menu=515
FLAIR-EVT what=2 where=172,28 msg=00000000
FLAIR-MENU menu=515 item=0 (sel=0x00000000)
FLAIR-CURSOR x=0 y=0
FLAIR-CURSOR x=57 y=9
FLAIR-CURSOR x=172 y=28
FLAIR-EVT what=1 where=172,28 msg=00000000
FLAIR-MENU-DROP menu=515
FLAIR-CURSOR x=202 y=48
FLAIR-EVT what=2 where=202,48 msg=00000000
FLAIR-MENU menu=515 item=1 (sel=0x02030001)
FINDER-CMD id=9 name=CLEANUP src=mouse sel=2
FINDER-CLEANUP win=0 moved=2
FLAIR-CURSOR x=122 y=0
FLAIR-CURSOR x=0 y=0
FLAIR-CURSOR x=115 y=19
FLAIR-CURSOR x=172 y=28
FLAIR-EVT what=1 where=172,28 msg=00000000
FLAIR-MENU-DROP menu=515
FLAIR-CURSOR x=202 y=64
FLAIR-EVT what=2 where=202,64 msg=00000000
FLAIR-MENU menu=515 item=0 (sel=0x00000000)
FLAIR-CURSOR x=122 y=4
FLAIR-CURSOR x=0 y=0
FLAIR-CURSOR x=115 y=19
FLAIR-CURSOR x=172 y=28
FLAIR-EVT what=1 where=172,28 msg=00000000
FLAIR-MENU-DROP menu=515
FLAIR-CURSOR x=202 y=86
FLAIR-EVT what=2 where=202,86 msg=00000000
FLAIR-MENU menu=515 item=0 (sel=0x00000000)
FLAIR-CURSOR x=122 y=26
FLAIR-CURSOR x=0 y=0
FLAIR-CURSOR x=115 y=19
FLAIR-CURSOR x=172 y=28
FLAIR-EVT what=1 where=172,28 msg=00000000
FLAIR-MENU-DROP menu=515
FLAIR-CURSOR x=202 y=108
FLAIR-EVT what=2 where=202,108 msg=00000000
FLAIR-MENU menu=515 item=0 (sel=0x00000000)
FLAIR-CURSOR x=42 y=0
FLAIR-CURSOR x=0 y=0
FLAIR-CURSOR x=57 y=9
FLAIR-CURSOR x=172 y=28
FLAIR-EVT what=1 where=172,28 msg=00000000
FLAIR-MENU-DROP menu=515
FLAIR-CURSOR x=187 y=76
FLAIR-CURSOR x=202 y=124
FLAIR-EVT what=2 where=202,124 msg=00000000
FLAIR-MENU menu=515 item=0 (sel=0x00000000)
FLAIR-CURSOR x=122 y=64
FLAIR-CURSOR x=0 y=0
FLAIR-CURSOR x=115 y=19
FLAIR-CURSOR x=172 y=28
FLAIR-EVT what=1 where=172,28 msg=00000000
FLAIR-MENU-DROP menu=515
FLAIR-CURSOR x=187 y=84
FLAIR-CURSOR x=202 y=140
FLAIR-EVT what=2 where=202,140 msg=00000000
FLAIR-MENU menu=515 item=0 (sel=0x00000000)
FLAIR-CURSOR x=42 y=20
FLAIR-CURSOR x=0 y=0
FLAIR-CURSOR x=74 y=9
FLAIR-CURSOR x=222 y=28
FLAIR-EVT what=1 where=222,28 msg=00000000
FLAIR-MENU-DROP menu=516
FLAIR-EVT what=2 where=222,28 msg=00000000
FLAIR-MENU menu=516 item=0 (sel=0x00000000)
FLAIR-CURSOR x=0 y=0
FLAIR-CURSOR x=74 y=9
FLAIR-CURSOR x=222 y=28
FLAIR-EVT what=1 where=222,28 msg=00000000
FLAIR-MENU-DROP menu=516
FLAIR-CURSOR x=252 y=48
FLAIR-EVT what=2 where=252,48 msg=00000000
FLAIR-MENU menu=516 item=0 (sel=0x00000000)
FLAIR-CURSOR x=172 y=0
FLAIR-CURSOR x=0 y=0
FLAIR-CURSOR x=222 y=28
FLAIR-EVT what=1 where=222,28 msg=00000000
FLAIR-MENU-DROP menu=516
FLAIR-CURSOR x=252 y=64
FLAIR-EVT what=2 where=252,64 msg=00000000
FLAIR-MENU menu=516 item=0 (sel=0x00000000)
FLAIR-CURSOR x=12 y=0
FLAIR-CURSOR x=0 y=0
FLAIR-CURSOR x=9 y=28
FLAIR-EVT what=1 where=9,28 msg=00000000
FLAIR-MENU menu=0 item=0 (sel=0x00000000)
FLAIR-EVT what=2 where=9,28 msg=00000000
FLAIR-CURSOR x=0 y=0
FLAIR-CURSOR x=9 y=28
FLAIR-EVT what=1 where=9,28 msg=00000000
FLAIR-MENU menu=0 item=0 (sel=0x00000000)
FLAIR-CURSOR x=39 y=48
FLAIR-EVT what=2 where=39,48 msg=00000000
FLAIR-CURSOR x=0 y=0
FLAIR-CURSOR x=38 y=10
FLAIR-EVT what=1 where=38,10 msg=00000000
FLAIR-MENU-DROP menu=128
FLAIR-EVT what=2 where=38,10 msg=00000000
FLAIR-MENU menu=128 item=0 (sel=0x00000000)
FLAIR-CURSOR x=0 y=0
FLAIR-CURSOR x=38 y=10
FLAIR-EVT what=1 where=38,10 msg=00000000
FLAIR-MENU-DROP menu=128
FLAIR-CURSOR x=68 y=30
FLAIR-EVT what=2 where=68,30 msg=00000000
FLAIR-MENU menu=128 item=0 (sel=0x00000000)
FLAIR-CURSOR x=0 y=0
FLAIR-CURSOR x=38 y=10
FLAIR-EVT what=1 where=38,10 msg=00000000
FLAIR-MENU-DROP menu=128
FLAIR-CURSOR x=68 y=46
FLAIR-EVT what=2 where=68,46 msg=00000000
FLAIR-MENU menu=128 item=2 (sel=0x00800002)
FLAIR-CURSOR x=0 y=0
FLAIR-CURSOR x=77 y=10
FLAIR-EVT what=1 where=77,10 msg=00000000
FLAIR-MENU-DROP menu=129
FLAIR-EVT what=2 where=77,10 msg=00000000
FLAIR-MENU menu=129 item=0 (sel=0x00000000)
FLAIR-CURSOR x=0 y=0
FLAIR-CURSOR x=77 y=10
FLAIR-EVT what=1 where=77,10 msg=00000000
FLAIR-MENU-DROP menu=129
FLAIR-CURSOR x=107 y=30
FLAIR-EVT what=2 where=107,30 msg=00000000
FLAIR-MENU menu=129 item=0 (sel=0x00000000)
FLAIR-CURSOR x=27 y=0
FLAIR-CURSOR x=0 y=0
FLAIR-CURSOR x=77 y=10
FLAIR-EVT what=1 where=77,10 msg=00000000
FLAIR-MENU-DROP menu=129
FLAIR-CURSOR x=107 y=46
FLAIR-EVT what=2 where=107,46 msg=00000000
FLAIR-MENU menu=129 item=2 (sel=0x00810002)
FLAIR-CURSOR x=27 y=0
FLAIR-CURSOR x=0 y=0
FLAIR-CURSOR x=120 y=10
FLAIR-EVT what=1 where=120,10 msg=00000000
FLAIR-MENU-DROP menu=130
FLAIR-EVT what=2 where=120,10 msg=00000000
FLAIR-MENU menu=130 item=0 (sel=0x00000000)
FLAIR-CURSOR x=0 y=0
FLAIR-CURSOR x=120 y=10
FLAIR-EVT what=1 where=120,10 msg=00000000
FLAIR-MENU-DROP menu=130
FLAIR-CURSOR x=150 y=30
FLAIR-EVT what=2 where=150,30 msg=00000000
FLAIR-MENU menu=130 item=0 (sel=0x00000000)
FLAIR-CURSOR x=0 y=0
FLAIR-CURSOR x=120 y=10
FLAIR-EVT what=1 where=120,10 msg=00000000
FLAIR-MENU-DROP menu=130
FLAIR-CURSOR x=150 y=46
FLAIR-EVT what=2 where=150,46 msg=00000000
FLAIR-MENU menu=130 item=2 (sel=0x00820002)
FLAIR-CURSOR x=0 y=0
FLAIR-CURSOR x=171 y=10
FLAIR-EVT what=1 where=171,10 msg=00000000
FLAIR-MENU-DROP menu=131
FLAIR-EVT what=2 where=171,10 msg=00000000
FLAIR-MENU menu=131 item=0 (sel=0x00000000)
FLAIR-CURSOR x=0 y=0
FLAIR-CURSOR x=114 y=7
FLAIR-CURSOR x=171 y=10
FLAIR-EVT what=1 where=171,10 msg=00000000
FLAIR-MENU-DROP menu=131
FLAIR-CURSOR x=201 y=30
FLAIR-EVT what=2 where=201,30 msg=00000000
FLAIR-MENU menu=131 item=0 (sel=0x00000000)
FLAIR-CURSOR x=41 y=0
FLAIR-CURSOR x=0 y=0
FLAIR-CURSOR x=57 y=3
FLAIR-CURSOR x=171 y=10
FLAIR-EVT what=1 where=171,10 msg=00000000
FLAIR-MENU-DROP menu=131
FLAIR-CURSOR x=201 y=46
FLAIR-EVT what=2 where=201,46 msg=00000000
FLAIR-MENU menu=131 item=2 (sel=0x00830002)
FLAIR-CURSOR x=41 y=0
FLAIR-CURSOR x=0 y=0
FLAIR-CURSOR x=71 y=54
FLAIR-CURSOR x=214 y=163
FLAIR-CURSOR x=357 y=271
FLAIR-CURSOR x=500 y=380
FLAIR-CURSOR x=420 y=320
FLAIR-CURSOR x=260 y=200
FLAIR-CURSOR x=100 y=80
FLAIR-CURSOR x=0 y=0
FLAIR-CURSOR x=54 y=101
FLAIR-EVT what=1 where=54,101 msg=00000000
FLAIR-EVT what=2 where=54,101 msg=00000000
FINDER-WIN-SELECT win=0 name=README.TXT count=1
FLAIR-EVT what=3 where=54,101 msg=0000316E
FLAIR-EVT what=4 where=54,101 msg=0000316E
FLAIR-EVT what=3 where=54,101 msg=00001177
FLAIR-EVT what=4 where=54,101 msg=00001177
FLAIR-CURSOR x=0 y=0
FLAIR-CURSOR x=31 y=70
FLAIR-EVT what=1 where=31,70 msg=00000000
FLAIR-CURSOR x=32 y=105
FLAIR-EVT what=2 where=32,105 msg=00000000
FLAIR-TRACKBOX win 0 part 6 in=0
FLAIR-CURSOR x=0 y=0
FLAIR-CURSOR x=67 y=23
FLAIR-CURSOR x=200 y=70
FLAIR-EVT what=1 where=200,70 msg=00000000
FLAIR-CURSOR x=129 y=27
FLAIR-CURSOR x=0 y=0
FLAIR-EVT what=2 where=0,0 msg=00000000
FLAIR-DRAG win 0 (20,60)->(-180,40)
FLAIR-CURSOR x=50 y=50
FLAIR-EVT what=1 where=50,50 msg=00000000
FLAIR-CURSOR x=125 y=100
FLAIR-CURSOR x=350 y=250
FLAIR-EVT what=2 where=350,250 msg=00000000
FLAIR-DRAG win 0 (-180,40)->(120,240)
