STARTED menu-sweep pid 20
SHOT m-hello-0-held
SHOT m-hello-1-held
SHOT m-hello-2-held
SHOT m-hello-3-held
SHOT m-hello-4-held
SHOT m-hello-5-held
SHOT m-hello-6-held
SHOT m-hello-7-held
SHOT m-notes-0-held
SHOT m-notes-1-held
SHOT m-notes-2-held
SHOT m-notes-after-all
SHOT m-finder-file-held
SHOT m-finder-edit-held
SHOT m-finder-view-held
SHOT m-finder-special-held
SHOT m-finder-help-held
SHOT m-finder-apple-held
SHOT m-system-0-held
SHOT m-system-1-held
SHOT m-system-2-held
SHOT m-system-3-held
SHOT m-context-paths
SHOT m-modifier-clear
SHOT m-close-held
SHOT m-close-cancelled
SHOT m-window-edge
SHOT m-window-recovered
STOPPED 20
