S1
JMP2
S2
VBE
FONT
E820
KLOAD
A20
GDT
PM
LFB
OK
KHI
KERNEL
KAT 0x00500000-0x005349A4
BI-OK
EXTMEM kb=15232
PIC
IDT
FPU-INIT present cw=037F
INT21
IDT-SELFTEST-OK
IDT-RESUMED
CONSOLE
BANNER-BEGIN
InitechDOS  Version 3.30
Copyright (C) 1991 Initech Systems Corporation.  All Rights Reserved.
BANNER-END
BANNER
FLAIR-HEAP-OK
FLAIR-FAT-MOUNT-BEGIN
FLAIR-FAT-MOUNT-OK
DESKTOP-DB-CREATE
TRASH-CREATE
FLAIR-DESKTOP
FINDER-DESKTOP-ICONS n=2
TBX-GATE-READY vec=0x81
FLAIR-TENANTS-READY hello+notes co-resident; HELLO foreground
FLAIR-HOOK-SET
IRQ-LIVE
FLAIR-LIVE-READY
FLAIR-CURSOR x=160 y=120
FLAIR-TICK n=4
FLAIR-CURSOR x=0 y=0
FLAIR-TICK n=7
FLAIR-TICK n=10
FLAIR-TICK n=13
FLAIR-CURSOR x=75 y=8
FLAIR-CURSOR x=225 y=24
FLAIR-CURSOR x=375 y=40
FLAIR-CURSOR x=525 y=56
FLAIR-CURSOR x=600 y=64
FLAIR-EVT what=1 where=600,64 msg=00000000
FLAIR-DISPATCH app=FINDER
FLAIR-EVT what=2 where=600,64 msg=00000000
FINDER-ICON-SELECT name=INITECH count=1
FLAIR-EVT what=1 where=600,64 msg=00000000
FLAIR-EVT what=2 where=600,64 msg=00000000
FINDER-OPEN-VOLUME win=0 n=6
FLAIR-CURSOR x=440 y=0
FLAIR-CURSOR x=280 y=0
FLAIR-CURSOR x=120 y=0
FLAIR-CURSOR x=0 y=0
FLAIR-CURSOR x=54 y=101
FLAIR-EVT what=1 where=54,101 msg=00000000
FLAIR-CURSOR x=132 y=147
FLAIR-CURSOR x=366 y=284
FLAIR-CURSOR x=600 y=422
FINDER-DROP-HILITE name=Trash
FLAIR-EVT what=2 where=600,422 msg=00000000
DESK-TRASH-ICON full
FINDER-TRASH name=README.TXT origin=0
DESKTOP-DB-SAVE n=3
FLAIR-CURSOR x=520 y=362
FLAIR-CURSOR x=360 y=242
FLAIR-CURSOR x=120 y=62
FLAIR-CURSOR x=0 y=0
FLAIR-CURSOR x=150 y=106
FLAIR-CURSOR x=300 y=211
FLAIR-CURSOR x=450 y=316
FLAIR-CURSOR x=600 y=422
FLAIR-EVT what=1 where=600,422 msg=00000000
FLAIR-EVT what=2 where=600,422 msg=00000000
FINDER-ICON-SELECT name=Trash count=1
FLAIR-EVT what=1 where=600,422 msg=00000000
FLAIR-EVT what=2 where=600,422 msg=00000000
FINDER-OPEN-TRASH win=1 n=1 singleton=0
FLAIR-CURSOR x=440 y=302
FLAIR-CURSOR x=280 y=182
FLAIR-CURSOR x=40 y=2
FLAIR-CURSOR x=0 y=0
FLAIR-CURSOR x=67 y=30
FLAIR-CURSOR x=200 y=90
FLAIR-EVT what=1 where=200,90 msg=00000000
FLAIR-CURSOR x=347 y=210
FLAIR-CURSOR x=420 y=270
FLAIR-EVT what=2 where=420,270 msg=00000000
FLAIR-DRAG win 0 (40,80)->(260,260)
FLAIR-CURSOR x=260 y=150
FLAIR-CURSOR x=20 y=0
FLAIR-CURSOR x=0 y=0
FLAIR-CURSOR x=74 y=76
FLAIR-CURSOR x=221 y=228
FLAIR-CURSOR x=295 y=304
FLAIR-EVT what=1 where=295,304 msg=00000000
FLAIR-CURSOR x=273 y=252
FLAIR-CURSOR x=250 y=199
FLAIR-EVT what=2 where=250,199 msg=00000000
DESK-TRASH-ICON empty
FINDER-MOVE name=README.TXT from=44 to=0
DESKTOP-DB-SAVE n=2
FLAIR-CURSOR x=170 y=139
FLAIR-CURSOR x=10 y=19
FLAIR-CURSOR x=0 y=0
FLAIR-CURSOR x=113 y=47
FLAIR-CURSOR x=170 y=70
FLAIR-EVT what=1 where=170,70 msg=00000000
FLAIR-EVT what=2 where=170,70 msg=00000000
FLAIR-DRAG win 0 (20,60)->(20,60)
FLAIR-CURSOR x=0 y=0
FLAIR-CURSOR x=62 y=76
FLAIR-CURSOR x=123 y=153
FLAIR-EVT what=1 where=123,153 msg=00000000
FLAIR-CURSOR x=203 y=198
FLAIR-CURSOR x=361 y=287
FLAIR-CURSOR x=600 y=422
FLAIR-EVT what=2 where=600,422 msg=00000000
DESK-TRASH-ICON full
FINDER-TRASH name=LOCKED.TXT origin=0
DESKTOP-DB-SAVE n=3
FLAIR-CURSOR x=360 y=242
FLAIR-CURSOR x=200 y=122
FLAIR-CURSOR x=40 y=2
FLAIR-CURSOR x=0 y=0
FLAIR-CURSOR x=115 y=19
FLAIR-CURSOR x=172 y=28
FLAIR-EVT what=1 where=172,28 msg=00000000
FLAIR-MENU-DROP menu=515
FLAIR-CURSOR x=200 y=65
FLAIR-EVT what=2 where=200,65 msg=00000000
FLAIR-MENU menu=515 item=2 (sel=0x02030002)
FINDER-CMD id=11 name=EMPTY_TRASH src=mouse sel=0
FINDER-TRASH-ALERT n=1 k=1
FLAIR-EVT what=3 where=200,65 msg=00001C0A
DESK-TRASH-ICON empty
FINDER-TRASH-EMPTIED purged=1 refused=0
DESKTOP-DB-SAVE n=2
FLAIR-EVT what=4 where=200,65 msg=00001C0A
