S1
JMP2
S2
VBE
FONT
E820
KLOAD
A20
GDT
PM
LFB
OK
KHI
KERNEL
KAT 0x00500000-0x005349A4
BI-OK
EXTMEM kb=15232
PIC
IDT
FPU-INIT present cw=037F
INT21
IDT-SELFTEST-OK
IDT-RESUMED
CONSOLE
BANNER-BEGIN
InitechDOS  Version 3.30
Copyright (C) 1991 Initech Systems Corporation.  All Rights Reserved.
BANNER-END
BANNER
FLAIR-HEAP-OK
FLAIR-FAT-MOUNT-BEGIN
FLAIR-FAT-MOUNT-OK
DESKTOP-DB-CREATE
TRASH-CREATE
FLAIR-DESKTOP
FINDER-DESKTOP-ICONS n=2
TBX-GATE-READY vec=0x81
FLAIR-TENANTS-READY hello+notes co-resident; HELLO foreground
FLAIR-HOOK-SET
IRQ-LIVE
FLAIR-LIVE-READY
FLAIR-CURSOR x=160 y=120
FLAIR-TICK n=4
FLAIR-CURSOR x=0 y=0
FLAIR-TICK n=7
FLAIR-TICK n=10
FLAIR-TICK n=13
FLAIR-CURSOR x=75 y=8
FLAIR-CURSOR x=300 y=32
FLAIR-CURSOR x=450 y=48
FLAIR-CURSOR x=600 y=64
FLAIR-EVT what=1 where=600,64 msg=00000000
FLAIR-DISPATCH app=FINDER
FLAIR-EVT what=2 where=600,64 msg=00000000
FINDER-ICON-SELECT name=INITECH count=1
FLAIR-EVT what=1 where=600,64 msg=00000000
FLAIR-EVT what=2 where=600,64 msg=00000000
FINDER-OPEN-VOLUME win=0 n=6
FLAIR-CURSOR x=360 y=0
FLAIR-CURSOR x=200 y=0
FLAIR-CURSOR x=40 y=0
FLAIR-CURSOR x=0 y=0
FLAIR-CURSOR x=54 y=153
FLAIR-EVT what=1 where=54,153 msg=00000000
FLAIR-CURSOR x=123 y=136
FLAIR-CURSOR x=261 y=101
FINDER-DROP-HILITE name=B
FLAIR-EVT what=2 where=261,101 msg=00000000
FINDER-MOVE-REFUSED reason=exists name=SAME.TXT
FLAIR-CURSOR x=21 y=0
FLAIR-CURSOR x=0 y=0
FLAIR-CURSOR x=54 y=153
FLAIR-EVT what=1 where=54,153 msg=00000000
FLAIR-CURSOR x=132 y=191
FLAIR-CURSOR x=288 y=268
FLAIR-CURSOR x=522 y=384
FLAIR-CURSOR x=600 y=422
FINDER-DROP-HILITE name=Trash
FLAIR-EVT what=2 where=600,422 msg=00000000
DESK-TRASH-ICON full
FINDER-TRASH name=SAME.TXT origin=0
DESKTOP-DB-SAVE n=3
FLAIR-CURSOR x=440 y=302
FLAIR-CURSOR x=280 y=182
FLAIR-CURSOR x=120 y=62
FLAIR-CURSOR x=0 y=0
FLAIR-CURSOR x=65 y=25
FLAIR-CURSOR x=196 y=76
FLAIR-CURSOR x=261 y=101
FLAIR-EVT what=1 where=261,101 msg=00000000
FLAIR-EVT what=2 where=261,101 msg=00000000
FINDER-WIN-SELECT win=0 name=B count=1
FLAIR-EVT what=1 where=261,101 msg=00000000
FLAIR-EVT what=2 where=261,101 msg=00000000
FINDER-OPEN-FOLDER name=B win=1 singleton=0
FLAIR-CURSOR x=181 y=41
FLAIR-CURSOR x=21 y=0
FLAIR-CURSOR x=0 y=0
FLAIR-CURSOR x=75 y=124
FLAIR-EVT what=1 where=75,124 msg=00000000
FLAIR-CURSOR x=150 y=167
FLAIR-CURSOR x=300 y=252
FLAIR-CURSOR x=450 y=337
FLAIR-CURSOR x=600 y=422
FINDER-DROP-HILITE name=Trash
FLAIR-EVT what=2 where=600,422 msg=00000000
TRASH-RENAME from=SAME.TXT to=SAME001.TXT
FINDER-TRASH name=SAME001.TXT origin=38
DESKTOP-DB-SAVE n=4
FLAIR-CURSOR x=440 y=302
FLAIR-CURSOR x=280 y=182
FLAIR-CURSOR x=40 y=2
FLAIR-CURSOR x=0 y=0
FLAIR-CURSOR x=75 y=53
FLAIR-CURSOR x=225 y=158
FLAIR-CURSOR x=450 y=316
FLAIR-CURSOR x=600 y=422
FLAIR-EVT what=1 where=600,422 msg=00000000
FLAIR-EVT what=2 where=600,422 msg=00000000
FINDER-ICON-SELECT name=Trash count=1
FLAIR-EVT what=1 where=600,422 msg=00000000
FLAIR-EVT what=2 where=600,422 msg=00000000
FINDER-OPEN-TRASH win=2 n=2 singleton=0
FLAIR-CURSOR x=520 y=362
FLAIR-CURSOR x=360 y=242
FLAIR-CURSOR x=120 y=62
FLAIR-CURSOR x=0 y=0
FLAIR-CURSOR x=115 y=19
FLAIR-CURSOR x=172 y=28
FLAIR-EVT what=1 where=172,28 msg=00000000
FLAIR-MENU-DROP menu=515
FLAIR-CURSOR x=200 y=65
FLAIR-EVT what=2 where=200,65 msg=00000000
FLAIR-MENU menu=515 item=2 (sel=0x02030002)
FINDER-CMD id=11 name=EMPTY_TRASH src=mouse sel=0
FINDER-TRASH-ALERT n=2 k=1
FLAIR-EVT what=3 where=200,65 msg=00000100
FINDER-TRASH-EMPTY-CANCEL
FLAIR-EVT what=4 where=200,65 msg=00000100
FLAIR-EVT what=3 where=200,65 msg=00001177
FINDER-CMD id=4 name=CLOSE_WINDOW src=key sel=0
FINDER-CLOSE-WINDOW win=2
DESKTOP-DB-SAVE n=5
FLAIR-EVT what=4 where=200,65 msg=00001177
FLAIR-EVT what=3 where=200,65 msg=00001177
FINDER-CMD id=4 name=CLOSE_WINDOW src=key sel=0
FINDER-CLOSE-WINDOW win=1
DESKTOP-DB-SAVE n=6
FLAIR-EVT what=4 where=200,65 msg=00001177
FLAIR-EVT what=3 where=200,65 msg=00001177
FINDER-CMD id=4 name=CLOSE_WINDOW src=key sel=1
FINDER-CLOSE-WINDOW win=0
DESKTOP-DB-SAVE n=7
FLAIR-EVT what=4 where=200,65 msg=00001177
FLAIR-CURSOR x=40 y=0
FLAIR-CURSOR x=0 y=0
FLAIR-CURSOR x=75 y=8
FLAIR-CURSOR x=225 y=24
FLAIR-CURSOR x=375 y=40
FLAIR-CURSOR x=525 y=56
FLAIR-CURSOR x=600 y=64
FLAIR-EVT what=1 where=600,64 msg=00000000
FLAIR-EVT what=2 where=600,64 msg=00000000
FINDER-ICON-SELECT name=INITECH count=1
FLAIR-EVT what=1 where=600,64 msg=00000000
FLAIR-EVT what=2 where=600,64 msg=00000000
FINDER-OPEN-VOLUME win=0 n=5
FLAIR-CURSOR x=440 y=0
FLAIR-CURSOR x=280 y=0
FLAIR-CURSOR x=40 y=0
FLAIR-CURSOR x=0 y=0
FLAIR-CURSOR x=64 y=34
FLAIR-CURSOR x=192 y=101
FLAIR-EVT what=1 where=192,101 msg=00000000
FLAIR-EVT what=2 where=192,101 msg=00000000
FINDER-WIN-SELECT win=0 name=A count=1
FLAIR-EVT what=1 where=192,101 msg=00000000
FLAIR-EVT what=2 where=192,101 msg=00000000
FINDER-OPEN-FOLDER name=A win=1 singleton=0
FLAIR-CURSOR x=112 y=41
FLAIR-CURSOR x=0 y=0
FLAIR-CURSOR x=133 y=60
FLAIR-CURSOR x=200 y=90
FLAIR-EVT what=1 where=200,90 msg=00000000
FLAIR-CURSOR x=270 y=86
FLAIR-CURSOR x=480 y=74
FLAIR-CURSOR x=550 y=70
FLAIR-EVT what=2 where=550,70 msg=00000000
FLAIR-DRAG win 0 (40,80)->(390,60)
FLAIR-CURSOR x=390 y=0
FLAIR-CURSOR x=150 y=0
FLAIR-CURSOR x=0 y=0
FLAIR-CURSOR x=128 y=67
FLAIR-CURSOR x=192 y=101
FLAIR-EVT what=1 where=192,101 msg=00000000
FLAIR-CURSOR x=270 y=102
FINDER-DROP-HILITE name=B
FLAIR-CURSOR x=425 y=104
FLAIR-EVT what=2 where=425,104 msg=00000000
FINDER-DROP-HILITE name=CHILD
FINDER-MOVE-REFUSED reason=cycle name=A
