S1
JMP2
S2
VBE
FONT
E820
KLOAD
A20
GDT
PM
LFB
OK
KHI
KERNEL
KAT 0x00500000-0x005349A4
BI-OK
EXTMEM kb=15232
PIC
IDT
FPU-INIT present cw=037F
INT21
IDT-SELFTEST-OK
IDT-RESUMED
CONSOLE
BANNER-BEGIN
InitechDOS  Version 3.30
Copyright (C) 1991 Initech Systems Corporation.  All Rights Reserved.
BANNER-END
BANNER
FLAIR-HEAP-OK
FLAIR-FAT-MOUNT-BEGIN
FLAIR-FAT-MOUNT-OK
DESKTOP-DB-CREATE
TRASH-CREATE
FLAIR-DESKTOP
FINDER-DESKTOP-ICONS n=2
TBX-GATE-READY vec=0x81
FLAIR-TENANTS-READY hello+notes co-resident; HELLO foreground
FLAIR-HOOK-SET
IRQ-LIVE
FLAIR-LIVE-READY
FLAIR-CURSOR x=160 y=120
FLAIR-TICK n=4
FLAIR-CURSOR x=0 y=0
FLAIR-TICK n=7
FLAIR-TICK n=10
FLAIR-TICK n=13
FLAIR-CURSOR x=75 y=53
FLAIR-CURSOR x=225 y=158
FLAIR-CURSOR x=375 y=264
FLAIR-CURSOR x=525 y=369
FLAIR-CURSOR x=600 y=422
FLAIR-EVT what=1 where=600,422 msg=00000000
FLAIR-DISPATCH app=FINDER
FLAIR-EVT what=2 where=600,422 msg=00000000
FINDER-ICON-SELECT name=Trash count=1
FLAIR-EVT what=1 where=600,422 msg=00000000
FLAIR-EVT what=2 where=600,422 msg=00000000
FINDER-OPEN-TRASH win=0 n=0 singleton=0
FLAIR-EVT what=3 where=600,422 msg=00001177
FINDER-CMD id=4 name=CLOSE_WINDOW src=key sel=0
FINDER-CLOSE-WINDOW win=0
DESKTOP-DB-SAVE n=3
FLAIR-EVT what=4 where=600,422 msg=00001177
FLAIR-CURSOR x=440 y=302
FLAIR-CURSOR x=280 y=182
FLAIR-CURSOR x=120 y=62
FLAIR-CURSOR x=0 y=0
FLAIR-CURSOR x=75 y=8
FLAIR-CURSOR x=225 y=24
FLAIR-CURSOR x=375 y=40
FLAIR-CURSOR x=600 y=64
FLAIR-EVT what=1 where=600,64 msg=00000000
FLAIR-EVT what=2 where=600,64 msg=00000000
FINDER-ICON-SELECT name=INITECH count=1
FLAIR-EVT what=1 where=600,64 msg=00000000
FLAIR-EVT what=2 where=600,64 msg=00000000
FINDER-OPEN-VOLUME win=0 n=2
FLAIR-CURSOR x=440 y=0
FLAIR-CURSOR x=200 y=0
FLAIR-CURSOR x=40 y=0
FLAIR-CURSOR x=0 y=0
FLAIR-CURSOR x=27 y=50
FLAIR-CURSOR x=54 y=101
FLAIR-EVT what=1 where=54,101 msg=00000000
FLAIR-CURSOR x=132 y=147
FLAIR-CURSOR x=288 y=239
FLAIR-CURSOR x=444 y=330
FLAIR-CURSOR x=600 y=422
FINDER-DROP-HILITE name=Trash
FLAIR-EVT what=2 where=600,422 msg=00000000
DESK-TRASH-ICON full
FINDER-TRASH name=README.TXT origin=0
DESKTOP-DB-SAVE n=4
FLAIR-CURSOR x=440 y=302
FLAIR-CURSOR x=200 y=122
FLAIR-CURSOR x=40 y=2
FLAIR-CURSOR x=0 y=0
FLAIR-CURSOR x=75 y=53
FLAIR-CURSOR x=225 y=158
FLAIR-CURSOR x=375 y=264
FLAIR-CURSOR x=525 y=369
FLAIR-CURSOR x=600 y=422
FLAIR-EVT what=1 where=600,422 msg=00000000
FLAIR-EVT what=2 where=600,422 msg=00000000
FINDER-ICON-SELECT name=Trash count=1
FLAIR-EVT what=1 where=600,422 msg=00000000
FLAIR-EVT what=2 where=600,422 msg=00000000
FINDER-OPEN-TRASH win=1 n=1 singleton=0
FLAIR-CURSOR x=440 y=302
FLAIR-CURSOR x=280 y=182
FLAIR-CURSOR x=120 y=62
FLAIR-CURSOR x=0 y=0
FLAIR-CURSOR x=115 y=19
FLAIR-CURSOR x=172 y=28
FLAIR-EVT what=1 where=172,28 msg=00000000
FLAIR-MENU-DROP menu=515
FLAIR-CURSOR x=200 y=65
FLAIR-EVT what=2 where=200,65 msg=00000000
FLAIR-MENU menu=515 item=2 (sel=0x02030002)
FINDER-CMD id=11 name=EMPTY_TRASH src=mouse sel=0
FINDER-TRASH-ALERT n=1 k=1
FLAIR-EVT what=3 where=200,65 msg=00000100
FINDER-TRASH-EMPTY-CANCEL
FLAIR-EVT what=4 where=200,65 msg=00000100
FLAIR-CURSOR x=120 y=5
FLAIR-CURSOR x=0 y=0
FLAIR-CURSOR x=54 y=101
FLAIR-EVT what=1 where=54,101 msg=00000000
FLAIR-EVT what=2 where=54,101 msg=00000000
FINDER-WIN-SELECT win=1 name=README.TXT count=1
FLAIR-CURSOR x=0 y=41
FLAIR-CURSOR x=0 y=0
FLAIR-CURSOR x=57 y=9
FLAIR-CURSOR x=172 y=28
FLAIR-EVT what=1 where=172,28 msg=00000000
FLAIR-MENU-DROP menu=515
FLAIR-CURSOR x=200 y=65
FLAIR-EVT what=2 where=200,65 msg=00000000
FLAIR-MENU menu=515 item=2 (sel=0x02030002)
FINDER-CMD id=11 name=EMPTY_TRASH src=mouse sel=1
FINDER-TRASH-ALERT n=1 k=1
FLAIR-EVT what=3 where=200,65 msg=00001C0A
DESK-TRASH-ICON empty
FINDER-TRASH-EMPTIED purged=1 refused=0
DESKTOP-DB-SAVE n=3
FLAIR-EVT what=4 where=200,65 msg=00001C0A
