S1
JMP2
S2
VBE
FONT
E820
KLOAD
A20
GDT
PM
LFB
OK
KHI
KERNEL
KAT 0x00500000-0x005349A4
BI-OK
EXTMEM kb=15232
PIC
IDT
FPU-INIT present cw=037F
INT21
IDT-SELFTEST-OK
IDT-RESUMED
CONSOLE
BANNER-BEGIN
InitechDOS  Version 3.30
Copyright (C) 1991 Initech Systems Corporation.  All Rights Reserved.
BANNER-END
BANNER
FLAIR-HEAP-OK
FLAIR-FAT-MOUNT-BEGIN
FLAIR-FAT-MOUNT-OK
DESKTOP-DB-CREATE
TRASH-CREATE
FLAIR-DESKTOP
FINDER-DESKTOP-ICONS n=2
TBX-GATE-READY vec=0x81
FLAIR-TENANTS-READY hello+notes co-resident; HELLO foreground
FLAIR-HOOK-SET
IRQ-LIVE
FLAIR-LIVE-READY
FLAIR-CURSOR x=160 y=120
FLAIR-TICK n=4
FLAIR-CURSOR x=0 y=0
FLAIR-TICK n=7
FLAIR-TICK n=10
FLAIR-TICK n=13
FLAIR-CURSOR x=75 y=8
FLAIR-CURSOR x=300 y=32
FLAIR-CURSOR x=450 y=48
FLAIR-CURSOR x=600 y=64
FLAIR-EVT what=1 where=600,64 msg=00000000
FLAIR-DISPATCH app=FINDER
FLAIR-EVT what=2 where=600,64 msg=00000000
FINDER-ICON-SELECT name=INITECH count=1
FLAIR-EVT what=1 where=600,64 msg=00000000
FLAIR-EVT what=2 where=600,64 msg=00000000
FINDER-OPEN-VOLUME win=0 n=6
FLAIR-CURSOR x=520 y=4
FLAIR-CURSOR x=360 y=0
FLAIR-CURSOR x=200 y=0
FLAIR-CURSOR x=0 y=0
FLAIR-CURSOR x=128 y=67
FLAIR-CURSOR x=192 y=101
FLAIR-EVT what=1 where=192,101 msg=00000000
FLAIR-CURSOR x=260 y=155
FLAIR-CURSOR x=396 y=261
FLAIR-CURSOR x=532 y=369
FLAIR-CURSOR x=600 y=422
FINDER-DROP-HILITE name=Trash
FLAIR-EVT what=2 where=600,422 msg=00000000
DESK-TRASH-ICON full
FINDER-TRASH name=A origin=0
DESKTOP-DB-SAVE n=3
FLAIR-CURSOR x=440 y=302
FLAIR-CURSOR x=280 y=182
FLAIR-CURSOR x=120 y=62
FLAIR-CURSOR x=0 y=0
FLAIR-CURSOR x=75 y=53
FLAIR-CURSOR x=225 y=158
FLAIR-CURSOR x=375 y=264
FLAIR-CURSOR x=600 y=422
FLAIR-EVT what=1 where=600,422 msg=00000000
FLAIR-EVT what=2 where=600,422 msg=00000000
FINDER-ICON-SELECT name=Trash count=1
FLAIR-EVT what=1 where=600,422 msg=00000000
FLAIR-EVT what=2 where=600,422 msg=00000000
FINDER-OPEN-TRASH win=1 n=1 singleton=0
FLAIR-CURSOR x=440 y=302
FLAIR-CURSOR x=200 y=122
FLAIR-CURSOR x=40 y=2
FLAIR-CURSOR x=0 y=0
FLAIR-CURSOR x=38 y=62
FLAIR-CURSOR x=75 y=124
FLAIR-EVT what=1 where=75,124 msg=00000000
FLAIR-EVT what=2 where=75,124 msg=00000000
FINDER-WIN-SELECT win=1 name=A count=1
FLAIR-EVT what=1 where=75,124 msg=00000000
FLAIR-EVT what=2 where=75,124 msg=00000000
FINDER-OPEN-FOLDER name=A win=2 singleton=0
FLAIR-CURSOR x=0 y=4
FLAIR-CURSOR x=0 y=0
FLAIR-CURSOR x=57 y=9
FLAIR-CURSOR x=172 y=28
FLAIR-EVT what=1 where=172,28 msg=00000000
FLAIR-MENU-DROP menu=515
FLAIR-CURSOR x=200 y=65
FLAIR-EVT what=2 where=200,65 msg=00000000
FLAIR-MENU menu=515 item=2 (sel=0x02030002)
FINDER-CMD id=11 name=EMPTY_TRASH src=mouse sel=0
FINDER-TRASH-ALERT n=3 k=1
FLAIR-EVT what=3 where=200,65 msg=00001C0A
DESK-TRASH-ICON empty
FINDER-TRASH-EMPTIED purged=3 refused=0
DESKTOP-DB-SAVE n=2
FLAIR-EVT what=4 where=200,65 msg=00001C0A
FLAIR-EVT what=3 where=200,65 msg=0000316E
FINDER-CMD id=2 name=NEW_FOLDER src=key sel=0
FINDER-NEW-FOLDER name=NEWFOLD parent=36
FLAIR-EVT what=4 where=200,65 msg=0000316E
