TPS-PARSE-BEGIN
ENTER program L1
ENTER section-const L2
ENTER const-decl L3
ENTER const-literal L3
EXIT const-literal L3
EXIT const-decl L4
EXIT section-const L4
ENTER section-type L4
ENTER type-decl L5
ENTER record-type L5
ENTER field-group L6
EXIT field-group L7
ENTER field-group L7
EXIT field-group L8
ENTER field-group L8
EXIT field-group L9
EXIT record-type L9
EXIT type-decl L10
EXIT section-type L10
ENTER section-var L10
ENTER var-decl L11
ENTER type-name L11
EXIT type-name L11
EXIT var-decl L11
ENTER var-decl L12
ENTER array-type L12
ENTER array-bound L12
EXIT array-bound L12
ENTER array-bound L12
EXIT array-bound L12
ENTER type-name L12
EXIT type-name L12
EXIT array-type L12
EXIT var-decl L12
ENTER var-decl L13
ENTER type-name L13
ENTER array-bound L13
EXIT array-bound L13
EXIT type-name L13
EXIT var-decl L13
ENTER var-decl L14
ENTER type-name L14
EXIT type-name L14
EXIT var-decl L14
EXIT section-var L15
ENTER routine-function L15
ENTER param-list L15
ENTER param-group L15
ENTER type-name L15
EXIT type-name L15
EXIT param-group L15
ENTER param-group L15
ENTER type-name L15
EXIT type-name L15
EXIT param-group L15
EXIT param-list L15
ENTER result-type L15
EXIT result-type L15
ENTER block L16
ENTER statement L17
ENTER stmt-if L17
ENTER expression L17
ENTER simple-expression L17
ENTER term L17
ENTER factor L17
EXIT factor L17
EXIT term L17
EXIT simple-expression L17
ENTER simple-expression L17
ENTER term L17
ENTER factor L17
EXIT factor L17
EXIT term L17
EXIT simple-expression L17
EXIT expression L17
ENTER statement L18
ENTER ident-statement L18
ENTER assignment L18
ENTER expression L18
ENTER simple-expression L18
ENTER term L18
ENTER factor L18
ENTER expression L18
ENTER simple-expression L18
ENTER term L18
ENTER factor L18
ENTER expression L18
ENTER simple-expression L18
ENTER term L18
ENTER factor L18
EXIT factor L18
EXIT term L18
EXIT simple-expression L18
EXIT expression L18
EXIT factor L18
EXIT term L18
EXIT simple-expression L18
EXIT expression L18
EXIT factor L18
EXIT term L18
ENTER term L18
ENTER factor L18
ENTER call L18
ENTER expression L18
ENTER simple-expression L18
ENTER term L18
ENTER factor L18
EXIT factor L18
EXIT term L18
ENTER term L18
ENTER factor L18
EXIT factor L18
EXIT term L18
EXIT simple-expression L18
EXIT expression L18
ENTER expression L18
ENTER simple-expression L18
ENTER term L18
ENTER factor L18
EXIT factor L18
EXIT term L18
EXIT simple-expression L18
EXIT expression L18
EXIT call L19
EXIT factor L19
EXIT term L19
EXIT simple-expression L19
EXIT expression L19
EXIT assignment L19
EXIT ident-statement L19
EXIT statement L19
ENTER else-clause L19
ENTER statement L20
ENTER ident-statement L20
ENTER assignment L20
ENTER expression L20
ENTER simple-expression L20
ENTER term L20
ENTER factor L20
ENTER field-suffix L20
EXIT field-suffix L21
EXIT factor L21
EXIT term L21
EXIT simple-expression L21
EXIT expression L21
EXIT assignment L21
EXIT ident-statement L21
EXIT statement L21
EXIT else-clause L21
EXIT stmt-if L21
EXIT statement L21
EXIT block L21
EXIT routine-function L22
ENTER routine-procedure L22
ENTER param-list L22
ENTER param-group L22
ENTER type-name L22
EXIT type-name L22
EXIT param-group L22
EXIT param-list L22
EXIT routine-procedure L24
ENTER routine-procedure L24
ENTER param-list L24
ENTER param-group L24
ENTER type-name L24
EXIT type-name L24
EXIT param-group L24
EXIT param-list L24
ENTER block L25
ENTER statement L26
ENTER ident-statement L26
ENTER assignment L26
ENTER expression L26
ENTER simple-expression L26
ENTER term L26
ENTER factor L26
EXIT factor L26
EXIT term L26
ENTER term L26
ENTER factor L26
EXIT factor L27
EXIT term L27
EXIT simple-expression L27
EXIT expression L27
EXIT assignment L27
EXIT ident-statement L27
EXIT statement L27
EXIT block L27
EXIT routine-procedure L28
ENTER block L28
ENTER statement L29
ENTER ident-statement L29
ENTER assignment L29
ENTER index-suffix L29
ENTER expression L29
ENTER simple-expression L29
ENTER term L29
ENTER factor L29
EXIT factor L29
EXIT term L29
EXIT simple-expression L29
EXIT expression L29
EXIT index-suffix L29
ENTER field-suffix L29
EXIT field-suffix L29
ENTER expression L29
ENTER simple-expression L29
ENTER term L29
ENTER factor L29
ENTER call L29
ENTER expression L29
ENTER simple-expression L29
ENTER term L29
ENTER factor L29
EXIT factor L29
EXIT term L29
ENTER term L29
ENTER factor L29
EXIT factor L29
ENTER factor L29
EXIT factor L29
EXIT term L29
EXIT simple-expression L29
EXIT expression L29
ENTER expression L29
ENTER simple-expression L29
ENTER term L29
ENTER factor L29
ENTER index-suffix L29
ENTER expression L29
ENTER simple-expression L29
ENTER term L29
ENTER factor L29
EXIT factor L29
EXIT term L29
EXIT simple-expression L29
EXIT expression L29
EXIT index-suffix L29
EXIT factor L29
EXIT term L29
EXIT simple-expression L29
EXIT expression L29
EXIT call L29
EXIT factor L29
EXIT term L29
EXIT simple-expression L29
EXIT expression L29
EXIT assignment L29
EXIT ident-statement L29
EXIT statement L29
ENTER statement L30
ENTER stmt-if L30
ENTER expression L30
ENTER simple-expression L30
ENTER term L30
ENTER factor L30
ENTER factor L30
ENTER index-suffix L30
ENTER expression L30
ENTER simple-expression L30
ENTER term L30
ENTER factor L30
EXIT factor L30
EXIT term L30
EXIT simple-expression L30
EXIT expression L30
EXIT index-suffix L30
ENTER field-suffix L30
EXIT field-suffix L30
EXIT factor L30
EXIT factor L30
EXIT term L30
ENTER term L30
ENTER factor L30
ENTER expression L30
ENTER simple-expression L30
ENTER term L30
ENTER factor L30
EXIT factor L30
EXIT term L30
EXIT simple-expression L30
ENTER simple-expression L30
ENTER term L30
ENTER factor L30
EXIT factor L30
EXIT term L30
EXIT simple-expression L30
EXIT expression L30
EXIT factor L30
ENTER factor L30
EXIT factor L30
EXIT term L30
EXIT simple-expression L30
EXIT expression L30
ENTER statement L31
ENTER stmt-if L31
ENTER expression L31
ENTER simple-expression L31
ENTER term L31
ENTER factor L31
EXIT factor L31
EXIT term L31
EXIT simple-expression L31
ENTER simple-expression L31
ENTER term L31
ENTER factor L31
EXIT factor L31
EXIT term L31
EXIT simple-expression L31
EXIT expression L31
ENTER statement L31
ENTER ident-statement L31
ENTER call L31
ENTER expression L31
ENTER simple-expression L31
ENTER term L31
ENTER factor L31
EXIT factor L31
EXIT term L31
EXIT simple-expression L31
EXIT expression L31
EXIT call L31
EXIT ident-statement L31
EXIT statement L31
ENTER else-clause L31
ENTER statement L31
ENTER stmt-write L31
ENTER write-arg L31
ENTER expression L31
ENTER simple-expression L31
ENTER term L31
ENTER factor L31
EXIT factor L31
EXIT term L31
EXIT simple-expression L31
EXIT expression L31
EXIT write-arg L31
EXIT stmt-write L31
EXIT statement L31
EXIT else-clause L31
EXIT stmt-if L31
EXIT statement L31
EXIT stmt-if L31
EXIT statement L31
ENTER statement L32
ENTER stmt-while L32
ENTER expression L32
ENTER simple-expression L32
ENTER term L32
ENTER factor L32
EXIT factor L32
EXIT term L32
EXIT simple-expression L32
ENTER simple-expression L32
ENTER term L32
ENTER factor L32
EXIT factor L32
EXIT term L32
EXIT simple-expression L32
EXIT expression L32
ENTER statement L32
ENTER ident-statement L32
ENTER assignment L32
ENTER expression L32
ENTER simple-expression L32
ENTER term L32
ENTER factor L32
EXIT factor L32
EXIT term L32
ENTER term L32
ENTER factor L32
EXIT factor L32
EXIT term L32
EXIT simple-expression L32
EXIT expression L32
EXIT assignment L32
EXIT ident-statement L32
EXIT statement L32
EXIT stmt-while L32
EXIT statement L32
ENTER statement L33
ENTER stmt-for L33
ENTER expression L33
ENTER simple-expression L33
ENTER term L33
ENTER factor L33
EXIT factor L33
EXIT term L33
EXIT simple-expression L33
EXIT expression L33
ENTER expression L33
ENTER simple-expression L33
ENTER term L33
ENTER factor L33
EXIT factor L33
EXIT term L33
EXIT simple-expression L33
EXIT expression L33
ENTER statement L33
ENTER ident-statement L33
ENTER call L33
ENTER expression L33
ENTER simple-expression L33
ENTER term L33
ENTER factor L33
EXIT factor L33
EXIT term L33
EXIT simple-expression L33
EXIT expression L33
EXIT call L33
EXIT ident-statement L33
EXIT statement L33
EXIT stmt-for L33
EXIT statement L33
ENTER statement L34
ENTER stmt-for L34
ENTER expression L34
ENTER simple-expression L34
ENTER term L34
ENTER factor L34
EXIT factor L34
EXIT term L34
EXIT simple-expression L34
EXIT expression L34
ENTER expression L34
ENTER simple-expression L34
ENTER term L34
ENTER factor L34
EXIT factor L34
EXIT term L34
EXIT simple-expression L34
EXIT expression L34
ENTER statement L34
ENTER ident-statement L34
ENTER call L34
ENTER expression L34
ENTER simple-expression L34
ENTER term L34
ENTER factor L34
EXIT factor L34
EXIT term L34
EXIT simple-expression L34
EXIT expression L34
EXIT call L34
EXIT ident-statement L34
EXIT statement L34
EXIT stmt-for L34
EXIT statement L34
ENTER statement L35
ENTER stmt-repeat L35
ENTER statement L35
ENTER ident-statement L35
ENTER assignment L35
ENTER expression L35
ENTER simple-expression L35
ENTER term L35
ENTER factor L35
EXIT factor L35
EXIT term L35
ENTER term L35
ENTER factor L35
EXIT factor L35
EXIT term L35
EXIT simple-expression L35
EXIT expression L35
EXIT assignment L35
EXIT ident-statement L35
EXIT statement L35
ENTER expression L35
ENTER simple-expression L35
ENTER term L35
ENTER factor L35
EXIT factor L35
EXIT term L35
EXIT simple-expression L35
ENTER simple-expression L35
ENTER term L35
ENTER factor L35
EXIT factor L35
EXIT term L35
EXIT simple-expression L35
EXIT expression L35
EXIT stmt-repeat L35
EXIT statement L35
ENTER statement L36
ENTER ident-statement L36
ENTER call L36
ENTER expression L36
ENTER simple-expression L36
ENTER term L36
ENTER factor L36
EXIT factor L36
EXIT term L36
EXIT simple-expression L36
EXIT expression L36
ENTER expression L36
ENTER simple-expression L36
ENTER term L36
ENTER factor L36
EXIT factor L36
EXIT term L36
EXIT simple-expression L36
EXIT expression L36
EXIT call L36
EXIT ident-statement L36
EXIT statement L36
ENTER statement L37
ENTER ident-statement L37
ENTER call L37
ENTER expression L37
ENTER simple-expression L37
ENTER term L37
ENTER factor L37
EXIT factor L37
EXIT term L37
EXIT simple-expression L37
EXIT expression L37
ENTER expression L37
ENTER simple-expression L37
ENTER term L37
ENTER factor L37
EXIT factor L37
EXIT term L37
EXIT simple-expression L37
EXIT expression L37
EXIT call L37
EXIT ident-statement L37
EXIT statement L37
ENTER statement L38
ENTER ident-statement L38
ENTER call L38
ENTER expression L38
ENTER simple-expression L38
ENTER term L38
ENTER factor L38
EXIT factor L38
EXIT term L38
EXIT simple-expression L38
EXIT expression L38
ENTER expression L38
ENTER simple-expression L38
ENTER term L38
ENTER factor L38
EXIT factor L38
EXIT term L38
EXIT simple-expression L38
EXIT expression L38
EXIT call L38
EXIT ident-statement L38
EXIT statement L38
ENTER statement L39
ENTER ident-statement L39
ENTER call L39
ENTER expression L39
ENTER simple-expression L39
ENTER term L39
ENTER factor L39
EXIT factor L39
EXIT term L39
EXIT simple-expression L39
EXIT expression L39
ENTER expression L39
ENTER simple-expression L39
ENTER term L39
ENTER factor L39
ENTER index-suffix L39
ENTER expression L39
ENTER simple-expression L39
ENTER term L39
ENTER factor L39
EXIT factor L39
EXIT term L39
EXIT simple-expression L39
EXIT expression L39
EXIT index-suffix L39
EXIT factor L39
EXIT term L39
EXIT simple-expression L39
EXIT expression L39
ENTER expression L39
ENTER simple-expression L39
ENTER term L39
ENTER factor L39
EXIT factor L39
EXIT term L39
EXIT simple-expression L39
EXIT expression L39
ENTER expression L39
ENTER simple-expression L39
ENTER term L39
ENTER factor L39
EXIT factor L39
EXIT term L39
EXIT simple-expression L39
EXIT expression L39
EXIT call L39
EXIT ident-statement L39
EXIT statement L39
ENTER statement L40
ENTER ident-statement L40
ENTER call L40
ENTER expression L40
ENTER simple-expression L40
ENTER term L40
ENTER factor L40
EXIT factor L40
EXIT term L40
EXIT simple-expression L40
EXIT expression L40
ENTER expression L40
ENTER simple-expression L40
ENTER term L40
ENTER factor L40
ENTER index-suffix L40
ENTER expression L40
ENTER simple-expression L40
ENTER term L40
ENTER factor L40
EXIT factor L40
EXIT term L40
EXIT simple-expression L40
EXIT expression L40
EXIT index-suffix L40
EXIT factor L40
EXIT term L40
EXIT simple-expression L40
EXIT expression L40
ENTER expression L40
ENTER simple-expression L40
ENTER term L40
ENTER factor L40
EXIT factor L40
EXIT term L40
EXIT simple-expression L40
EXIT expression L40
ENTER expression L40
ENTER simple-expression L40
ENTER term L40
ENTER factor L40
EXIT factor L40
EXIT term L40
EXIT simple-expression L40
EXIT expression L40
EXIT call L41
EXIT ident-statement L41
EXIT statement L41
EXIT block L41
EXIT program L42
TPS-PARSE-OK
TPS-PARSE-END
